🚀 XANDER BOT v2.7 – GTO RANGE ENGINE
   Modo: INFINITO | SimMode: 0 | Tavoli: 1
   VPIP teorico: 21.2% | Target: 18-24% | Delay: 0.6s
   Report ogni 300 mani
━━━━━━━━━━━━━━━━━━━━━━━━━━━━━━━━━━━━━━━━━━━━━━━━━━━━━━━━━━━━━━━━━━━━━━━━
[    1] UTG | 9c Qs (Q9o ) | Eq: 50.3% |   ---   | ▶ FOLD  |  0.0BB | VPIP:  0.0%
[    2] CO  | Js 5d (J5o ) | Eq: 44.8% |   ---   | ▶ FOLD  |  0.0BB | VPIP:  0.0%
[    3] UTG | 6d 8d (86s ) | Eq: 42.2% |   ---   | ▶ FOLD  |  0.0BB | VPIP:  0.0%
[    4] BTN | Qc Ah (AQo ) | Eq: 61.9% | PO:32.9% | ▶ RAISE | P/L: +3.5BB | VPIP: 25.0%
[    5] BB  | Ad Qc (AQo ) | Eq: 65.2% | PO:29.6% | ▶ RAISE | P/L: -3.0BB | VPIP: 40.0%
[    6] HJ  | Jc 7h (J7o ) | Eq: 48.5% |   ---   | ▶ FOLD  |  0.0BB | VPIP: 33.3%
[    7] BTN | 7d Kh (K7o ) | Eq: 47.4% |   ---   | ▶ FOLD  |  0.0BB | VPIP: 28.6%
[    8] BTN | 4c Ah (A4o ) | Eq: 56.5% |   ---   | ▶ FOLD  |  0.0BB | VPIP: 25.0%
[    9] BTN | Qs Td (QTo ) | Eq: 53.3% | PO:24.0% | ▶ RAISE | P/L: -3.0BB | VPIP: 33.3%
[   10] BTN | As Qc (AQo ) | Eq: 65.4% | PO:24.7% | ▶ RAISE | P/L: +3.5BB | VPIP: 40.0%
[   11] BB  | 6d 2h (62o ) | Eq: 29.0% |   ---   | ▶ FOLD  |  0.0BB | VPIP: 36.4%
[   12] UTG | 7s 6c (76o ) | Eq: 45.2% |   ---   | ▶ FOLD  |  0.0BB | VPIP: 33.3%
[   13] CO  | 8s 3c (83o ) | Eq: 37.5% |   ---   | ▶ FOLD  |  0.0BB | VPIP: 30.8%
[   14] CO  | 9h 5d (95o ) | Eq: 37.7% |   ---   | ▶ FOLD  |  0.0BB | VPIP: 28.6%
[   15] BB  | 4h Td (T4o ) | Eq: 42.9% |   ---   | ▶ FOLD  |  0.0BB | VPIP: 26.7%
[   16] HJ  | 7h 4h (74s ) | Eq: 43.0% |   ---   | ▶ FOLD  |  0.0BB | VPIP: 25.0%
[   17] BB  | Kd Jc (KJo ) | Eq: 52.4% |   ---   | ▶ FOLD  |  0.0BB | VPIP: 23.5%
[   18] CO  | Jh Qc (QJo ) | Eq: 58.3% | PO:19.8% | ▶ RAISE | P/L: +3.5BB | VPIP: 27.8%
[   19] HJ  | Jc Kh (KJo ) | Eq: 56.2% |   ---   | ▶ FOLD  |  0.0BB | VPIP: 26.3%
[   20] BB  | 2d 7c (72o ) | Eq: 32.8% |   ---   | ▶ FOLD  |  0.0BB | VPIP: 25.0%
[   21] CO  | 7h 7c (77  ) | Eq: 61.4% | PO:24.5% | ▶ RAISE | P/L: +3.5BB | VPIP: 28.6%
[   22] BB  | Ad 8s (A8o ) | Eq: 59.4% |   ---   | ▶ FOLD  |  0.0BB | VPIP: 27.3%
[   23] BTN | 7h 5s (75o ) | Eq: 36.9% |   ---   | ▶ FOLD  |  0.0BB | VPIP: 26.1%
[   24] BTN | As 9d (A9o ) | Eq: 61.4% | PO:18.5% | ▶ RAISE | P/L: +3.5BB | VPIP: 29.2%
[   25] SB  | 5d Ac (A5o ) | Eq: 53.5% |   ---   | ▶ FOLD  |  0.0BB | VPIP: 28.0%
[   26] SB  | 2c 6c (62s ) | Eq: 35.7% |   ---   | ▶ FOLD  |  0.0BB | VPIP: 26.9%
[   27] BTN | 9c 9s (99  ) | Eq: 71.3% | PO:20.7% | ▶ RAISE | P/L: +3.5BB | VPIP: 29.6%
[   28] SB  | 8d 4h (84o ) | Eq: 36.0% |   ---   | ▶ FOLD  |  0.0BB | VPIP: 28.6%
[   29] CO  | 7d 5h (75o ) | Eq: 36.6% |   ---   | ▶ FOLD  |  0.0BB | VPIP: 27.6%
[   30] UTG | Th Ac (ATo ) | Eq: 56.2% |   ---   | ▶ FOLD  |  0.0BB | VPIP: 26.7%
[   31] BB  | 4s 6s (64s ) | Eq: 40.6% |   ---   | ▶ FOLD  |  0.0BB | VPIP: 25.8%
[   32] BB  | 8h 7d (87o ) | Eq: 44.3% |   ---   | ▶ FOLD  |  0.0BB | VPIP: 25.0%
[   33] BTN | 3s Ks (K3s ) | Eq: 45.8% |   ---   | ▶ FOLD  |  0.0BB | VPIP: 24.2%
[   34] HJ  | 9s 9d (99  ) | Eq: 67.2% | PO:24.8% | ▶ RAISE | P/L: +3.5BB | VPIP: 26.5%
[   35] HJ  | Kc Td (KTo ) | Eq: 50.4% |   ---   | ▶ FOLD  |  0.0BB | VPIP: 25.7%
[   36] SB  | 2s 6d (62o ) | Eq: 29.8% |   ---   | ▶ FOLD  |  0.0BB | VPIP: 25.0%
[   37] SB  | Th Kd (KTo ) | Eq: 56.8% | PO:23.3% | ▶ RAISE | P/L: +3.5BB | VPIP: 27.0%
[   38] SB  | Kh 8c (K8o ) | Eq: 49.6% |   ---   | ▶ FOLD  |  0.0BB | VPIP: 26.3%
[   39] CO  | Tc 8c (T8s ) | Eq: 49.4% | PO:19.9% | ▶ RAISE | P/L: -3.0BB | VPIP: 28.2%
[   40] BB  | Jd 5s (J5o ) | Eq: 43.4% |   ---   | ▶ FOLD  |  0.0BB | VPIP: 27.5%
[   41] SB  | 5d 9c (95o ) | Eq: 44.9% |   ---   | ▶ FOLD  |  0.0BB | VPIP: 26.8%
[   42] UTG | Ts Jd (JTo ) | Eq: 52.0% |   ---   | ▶ FOLD  |  0.0BB | VPIP: 26.2%
[   43] SB  | Th 8h (T8s ) | Eq: 53.8% | PO:19.1% | ▶ CALL  | P/L: -2.0BB | VPIP: 27.9%
[   44] SB  | 7s Ac (A7o ) | Eq: 58.5% |   ---   | ▶ FOLD  |  0.0BB | VPIP: 27.3%
[   45] HJ  | Th 8s (T8o ) | Eq: 44.9% |   ---   | ▶ FOLD  |  0.0BB | VPIP: 26.7%
[   46] SB  | 3s 4s (43s ) | Eq: 34.0% |   ---   | ▶ FOLD  |  0.0BB | VPIP: 26.1%
[   47] SB  | Kh Jd (KJo ) | Eq: 55.4% | PO:29.7% | ▶ RAISE | P/L: -3.0BB | VPIP: 27.7%
[   48] BTN | Qh 6h (Q6s ) | Eq: 50.1% | PO:26.4% | ▶ RAISE | P/L: -3.0BB | VPIP: 29.2%
[   49] SB  | Js Ad (AJo ) | Eq: 61.3% | PO:32.1% | ▶ RAISE | P/L: -3.0BB | VPIP: 30.6%
[   50] BB  | Ts 7d (T7o ) | Eq: 48.4% |   ---   | ▶ FOLD  |  0.0BB | VPIP: 30.0%
[   51] BB  | 4c 6d (64o ) | Eq: 35.1% |   ---   | ▶ FOLD  |  0.0BB | VPIP: 29.4%
[   52] BTN | Jh Ad (AJo ) | Eq: 61.4% | PO:18.4% | ▶ RAISE | P/L: +3.5BB | VPIP: 30.8%
[   53] CO  | Qc As (AQo ) | Eq: 60.1% | PO:33.9% | ▶ RAISE | P/L: -3.0BB | VPIP: 32.1%
[   54] BTN | 2h 6d (62o ) | Eq: 29.0% |   ---   | ▶ FOLD  |  0.0BB | VPIP: 31.5%
[   55] BB  | 7h 4h (74s ) | Eq: 40.6% |   ---   | ▶ FOLD  |  0.0BB | VPIP: 30.9%
[   56] SB  | 7d Ah (A7o ) | Eq: 58.3% |   ---   | ▶ FOLD  |  0.0BB | VPIP: 30.4%
[   57] SB  | 9d 4h (94o ) | Eq: 39.8% |   ---   | ▶ FOLD  |  0.0BB | VPIP: 29.8%
[   58] SB  | 4d 9c (94o ) | Eq: 38.7% |   ---   | ▶ FOLD  |  0.0BB | VPIP: 29.3%
[   59] BB  | Qh Th (QTs ) | Eq: 57.9% | PO:30.0% | ▶ RAISE | P/L: +3.5BB | VPIP: 30.5%
[   60] UTG | 7c 3d (73o ) | Eq: 36.6% |   ---   | ▶ FOLD  |  0.0BB | VPIP: 30.0%
[   61] UTG | 2h Th (T2s ) | Eq: 41.4% |   ---   | ▶ FOLD  |  0.0BB | VPIP: 29.5%
[   62] SB  | 6c Ah (A6o ) | Eq: 51.6% |   ---   | ▶ FOLD  |  0.0BB | VPIP: 29.0%
[   63] SB  | 5s 5d (55  ) | Eq: 61.1% | PO:32.3% | ▶ RAISE | P/L: +3.5BB | VPIP: 30.2%
[   64] BTN | Js 3s (J3s ) | Eq: 43.0% |   ---   | ▶ FOLD  |  0.0BB | VPIP: 29.7%
[   65] SB  | 2d 5h (52o ) | Eq: 33.0% |   ---   | ▶ FOLD  |  0.0BB | VPIP: 29.2%
[   66] BB  | 5c 6d (65o ) | Eq: 42.7% |   ---   | ▶ FOLD  |  0.0BB | VPIP: 28.8%
[   67] HJ  | Ts 4c (T4o ) | Eq: 40.0% |   ---   | ▶ FOLD  |  0.0BB | VPIP: 28.4%
[   68] BTN | Td Qh (QTo ) | Eq: 49.9% | PO:29.8% | ▶ RAISE | P/L: +3.5BB | VPIP: 29.4%
[   69] SB  | 4d Jh (J4o ) | Eq: 45.0% |   ---   | ▶ FOLD  |  0.0BB | VPIP: 29.0%
[   70] BB  | Jh Kh (KJs ) | Eq: 61.5% | PO:26.9% | ▶ RAISE | P/L: +3.5BB | VPIP: 30.0%
[   71] CO  | Ah 2d (A2o ) | Eq: 55.1% |   ---   | ▶ FOLD  |  0.0BB | VPIP: 29.6%
[   72] HJ  | 5d 9s (95o ) | Eq: 43.3% |   ---   | ▶ FOLD  |  0.0BB | VPIP: 29.2%
[   73] BTN | 3d Js (J3o ) | Eq: 45.9% |   ---   | ▶ FOLD  |  0.0BB | VPIP: 28.8%
[   74] CO  | Qs 7c (Q7o ) | Eq: 47.6% |   ---   | ▶ FOLD  |  0.0BB | VPIP: 28.4%
[   75] BB  | 5s Td (T5o ) | Eq: 40.3% |   ---   | ▶ FOLD  |  0.0BB | VPIP: 28.0%
[   76] SB  | 6s 2h (62o ) | Eq: 33.6% |   ---   | ▶ FOLD  |  0.0BB | VPIP: 27.6%
[   77] BB  | 2d Ac (A2o ) | Eq: 53.0% |   ---   | ▶ FOLD  |  0.0BB | VPIP: 27.3%
[   78] HJ  | Tc 6s (T6o ) | Eq: 47.7% |   ---   | ▶ FOLD  |  0.0BB | VPIP: 26.9%
[   79] BB  | Th 6d (T6o ) | Eq: 46.9% |   ---   | ▶ FOLD  |  0.0BB | VPIP: 26.6%
[   80] BTN | 6c 2c (62s ) | Eq: 35.0% |   ---   | ▶ FOLD  |  0.0BB | VPIP: 26.2%
[   81] BTN | 5s Jh (J5o ) | Eq: 47.1% |   ---   | ▶ FOLD  |  0.0BB | VPIP: 25.9%
[   82] SB  | 5h Qs (Q5o ) | Eq: 50.3% |   ---   | ▶ FOLD  |  0.0BB | VPIP: 25.6%
[   83] BTN | 9c 6d (96o ) | Eq: 44.5% |   ---   | ▶ FOLD  |  0.0BB | VPIP: 25.3%
[   84] BB  | 3s 7d (73o ) | Eq: 37.4% |   ---   | ▶ FOLD  |  0.0BB | VPIP: 25.0%
[   85] SB  | 5d 9h (95o ) | Eq: 38.2% |   ---   | ▶ FOLD  |  0.0BB | VPIP: 24.7%
[   86] BTN | Td 3s (T3o ) | Eq: 43.6% |   ---   | ▶ FOLD  |  0.0BB | VPIP: 24.4%
[   87] BB  | 4c 8s (84o ) | Eq: 38.3% |   ---   | ▶ FOLD  |  0.0BB | VPIP: 24.1%
[   88] CO  | 8s 3s (83s ) | Eq: 41.8% |   ---   | ▶ FOLD  |  0.0BB | VPIP: 23.9%
[   89] SB  | 7s 3d (73o ) | Eq: 37.3% |   ---   | ▶ FOLD  |  0.0BB | VPIP: 23.6%
[   90] CO  | Jh 3d (J3o ) | Eq: 40.5% |   ---   | ▶ FOLD  |  0.0BB | VPIP: 23.3%
[   91] CO  | 9h 8h (98s ) | Eq: 47.3% | PO:24.8% | ▶ CALL  | P/L: -2.0BB | VPIP: 24.2%
[   92] HJ  | 2d 8d (82s ) | Eq: 36.4% |   ---   | ▶ FOLD  |  0.0BB | VPIP: 23.9%
[   93] BB  | As 7h (A7o ) | Eq: 53.4% |   ---   | ▶ FOLD  |  0.0BB | VPIP: 23.7%
[   94] HJ  | 4s Kc (K4o ) | Eq: 50.5% |   ---   | ▶ FOLD  |  0.0BB | VPIP: 23.4%
[   95] BTN | 9d 6s (96o ) | Eq: 40.9% |   ---   | ▶ FOLD  |  0.0BB | VPIP: 23.2%
[   96] HJ  | As 5c (A5o ) | Eq: 51.8% |   ---   | ▶ FOLD  |  0.0BB | VPIP: 22.9%
[   97] HJ  | 3c Qc (Q3s ) | Eq: 48.5% |   ---   | ▶ FOLD  |  0.0BB | VPIP: 22.7%
[   98] BB  | 7h 2h (72s ) | Eq: 36.5% |   ---   | ▶ FOLD  |  0.0BB | VPIP: 22.4%
[   99] UTG | 5s 9h (95o ) | Eq: 42.5% |   ---   | ▶ FOLD  |  0.0BB | VPIP: 22.2%
[  100] BB  | 2d 8s (82o ) | Eq: 37.1% |   ---   | ▶ FOLD  |  0.0BB | VPIP: 22.0%
[  101] UTG | 4h 3d (43o ) | Eq: 34.1% |   ---   | ▶ FOLD  |  0.0BB | VPIP: 21.8%
[  102] BTN | 5c 8h (85o ) | Eq: 42.6% |   ---   | ▶ FOLD  |  0.0BB | VPIP: 21.6%
[  103] BB  | Jh 3s (J3o ) | Eq: 43.1% |   ---   | ▶ FOLD  |  0.0BB | VPIP: 21.4%
[  104] BB  | Ah 3h (A3s ) | Eq: 57.1% | PO:22.8% | ▶ RAISE | P/L: -3.0BB | VPIP: 22.1%
[  105] BTN | Ts 7d (T7o ) | Eq: 47.7% |   ---   | ▶ FOLD  |  0.0BB | VPIP: 21.9%
[  106] UTG | 2h 4s (42o ) | Eq: 30.7% |   ---   | ▶ FOLD  |  0.0BB | VPIP: 21.7%
[  107] CO  | Tc 8d (T8o ) | Eq: 49.5% |   ---   | ▶ FOLD  |  0.0BB | VPIP: 21.5%
[  108] HJ  | Qs 6d (Q6o ) | Eq: 50.6% |   ---   | ▶ FOLD  |  0.0BB | VPIP: 21.3%
[  109] HJ  | 6h Ah (A6s ) | Eq: 58.7% | PO:26.8% | ▶ RAISE | P/L: -3.0BB | VPIP: 22.0%
[  110] UTG | Tc 5d (T5o ) | Eq: 44.7% |   ---   | ▶ FOLD  |  0.0BB | VPIP: 21.8%
[  111] BTN | 2d 4d (42s ) | Eq: 31.2% |   ---   | ▶ FOLD  |  0.0BB | VPIP: 21.6%
[  112] UTG | 5s 6s (65s ) | Eq: 43.5% |   ---   | ▶ FOLD  |  0.0BB | VPIP: 21.4%
[  113] CO  | Jh 6c (J6o ) | Eq: 48.3% |   ---   | ▶ FOLD  |  0.0BB | VPIP: 21.2%
[  114] BB  | 9s Qd (Q9o ) | Eq: 47.4% |   ---   | ▶ FOLD  |  0.0BB | VPIP: 21.1%
[  115] BTN | 7h 3d (73o ) | Eq: 35.3% |   ---   | ▶ FOLD  |  0.0BB | VPIP: 20.9%
[  116] BB  | Kc Jh (KJo ) | Eq: 59.0% |   ---   | ▶ FOLD  |  0.0BB | VPIP: 20.7%
[  117] UTG | 9h Ts (T9o ) | Eq: 50.8% |   ---   | ▶ FOLD  |  0.0BB | VPIP: 20.5%
[  118] BB  | Ah 7h (A7s ) | Eq: 55.3% | PO:28.7% | ▶ RAISE | P/L: +3.5BB | VPIP: 21.2%
[  119] BB  | 9h Qh (Q9s ) | Eq: 54.9% | PO:29.1% | ▶ CALL  | P/L: -2.0BB | VPIP: 21.8%
[  120] UTG | 3d Kc (K3o ) | Eq: 43.1% |   ---   | ▶ FOLD  |  0.0BB | VPIP: 21.7%
[  121] HJ  | 7d 7c (77  ) | Eq: 66.7% | PO:19.7% | ▶ RAISE | P/L: -3.0BB | VPIP: 22.3%
[  122] HJ  | 7c 5s (75o ) | Eq: 41.6% |   ---   | ▶ FOLD  |  0.0BB | VPIP: 22.1%
[  123] BB  | Ah Th (ATs ) | Eq: 61.5% | PO:33.4% | ▶ RAISE | P/L: +3.5BB | VPIP: 22.8%
[  124] CO  | 4h Ks (K4o ) | Eq: 43.9% |   ---   | ▶ FOLD  |  0.0BB | VPIP: 22.6%
[  125] BTN | Jc 7d (J7o ) | Eq: 44.6% |   ---   | ▶ FOLD  |  0.0BB | VPIP: 22.4%
[  126] BTN | 5s 6d (65o ) | Eq: 42.1% |   ---   | ▶ FOLD  |  0.0BB | VPIP: 22.2%
[  127] SB  | Ac 9d (A9o ) | Eq: 54.8% |   ---   | ▶ FOLD  |  0.0BB | VPIP: 22.0%
[  128] BTN | 5s Ks (K5s ) | Eq: 53.4% |   ---   | ▶ FOLD  |  0.0BB | VPIP: 21.9%
[  129] SB  | 7c 7d (77  ) | Eq: 62.4% | PO:30.9% | ▶ RAISE | P/L: -3.0BB | VPIP: 22.5%
[  130] BTN | Th 9c (T9o ) | Eq: 52.2% | PO:25.5% | ▶ RAISE | P/L: -3.0BB | VPIP: 23.1%
[  131] BB  | As 3c (A3o ) | Eq: 54.1% |   ---   | ▶ FOLD  |  0.0BB | VPIP: 22.9%
[  132] BTN | Ac 5d (A5o ) | Eq: 58.0% |   ---   | ▶ FOLD  |  0.0BB | VPIP: 22.7%
[  133] CO  | Qs Ah (AQo ) | Eq: 60.9% | PO:30.2% | ▶ RAISE | P/L: +3.5BB | VPIP: 23.3%
[  134] BTN | Kh Qh (KQs ) | Eq: 58.8% | PO:25.1% | ▶ RAISE | P/L: +3.5BB | VPIP: 23.9%
[  135] BB  | 6d 3h (63o ) | Eq: 31.8% |   ---   | ▶ FOLD  |  0.0BB | VPIP: 23.7%
[  136] BTN | As Ah (AA  ) | Eq: 86.1% | PO:34.1% | ▶ RAISE | P/L: +3.5BB | VPIP: 24.3%
[  137] SB  | 3d 9h (93o ) | Eq: 40.3% |   ---   | ▶ FOLD  |  0.0BB | VPIP: 24.1%
[  138] CO  | 8s Jh (J8o ) | Eq: 45.1% |   ---   | ▶ FOLD  |  0.0BB | VPIP: 23.9%
[  139] HJ  | Kd 9s (K9o ) | Eq: 48.9% |   ---   | ▶ FOLD  |  0.0BB | VPIP: 23.7%
[  140] BB  | 7d Ks (K7o ) | Eq: 53.1% |   ---   | ▶ FOLD  |  0.0BB | VPIP: 23.6%
[  141] HJ  | 2d Js (J2o ) | Eq: 45.0% |   ---   | ▶ FOLD  |  0.0BB | VPIP: 23.4%
[  142] BTN | Ks Qd (KQo ) | Eq: 61.7% | PO:23.9% | ▶ RAISE | P/L: -3.0BB | VPIP: 23.9%
[  143] SB  | Qs 6c (Q6o ) | Eq: 50.8% |   ---   | ▶ FOLD  |  0.0BB | VPIP: 23.8%
[  144] BB  | As 9d (A9o ) | Eq: 62.1% |   ---   | ▶ FOLD  |  0.0BB | VPIP: 23.6%
[  145] UTG | Jc 5c (J5s ) | Eq: 47.7% |   ---   | ▶ FOLD  |  0.0BB | VPIP: 23.4%
[  146] BTN | 9s Ah (A9o ) | Eq: 56.6% | PO:30.6% | ▶ RAISE | P/L: +3.5BB | VPIP: 24.0%
[  147] CO  | Qs 8h (Q8o ) | Eq: 47.6% |   ---   | ▶ FOLD  |  0.0BB | VPIP: 23.8%
[  148] HJ  | 8c 4s (84o ) | Eq: 34.6% |   ---   | ▶ FOLD  |  0.0BB | VPIP: 23.6%
[  149] UTG | 6c Qh (Q6o ) | Eq: 45.5% |   ---   | ▶ FOLD  |  0.0BB | VPIP: 23.5%
[  150] UTG | 7d 8s (87o ) | Eq: 46.5% |   ---   | ▶ FOLD  |  0.0BB | VPIP: 23.3%
[  151] HJ  | Ad 6s (A6o ) | Eq: 53.6% |   ---   | ▶ FOLD  |  0.0BB | VPIP: 23.2%
[  152] HJ  | Ks 9d (K9o ) | Eq: 54.3% |   ---   | ▶ FOLD  |  0.0BB | VPIP: 23.0%
[  153] HJ  | 4c 8h (84o ) | Eq: 34.9% |   ---   | ▶ FOLD  |  0.0BB | VPIP: 22.9%
[  154] UTG | 3c 3h (33  ) | Eq: 50.7% |   ---   | ▶ FOLD  |  0.0BB | VPIP: 22.7%
[  155] CO  | Ah 5h (A5s ) | Eq: 58.6% | PO:27.4% | ▶ RAISE | P/L: -3.0BB | VPIP: 23.2%
[  156] UTG | Kh 2c (K2o ) | Eq: 41.9% |   ---   | ▶ FOLD  |  0.0BB | VPIP: 23.1%
[  157] UTG | 4c 2d (42o ) | Eq: 32.2% |   ---   | ▶ FOLD  |  0.0BB | VPIP: 22.9%
[  158] CO  | As 2h (A2o ) | Eq: 53.8% |   ---   | ▶ FOLD  |  0.0BB | VPIP: 22.8%
[  159] UTG | 7s Jh (J7o ) | Eq: 48.2% |   ---   | ▶ FOLD  |  0.0BB | VPIP: 22.6%
[  160] BTN | 9h 7c (97o ) | Eq: 42.0% |   ---   | ▶ FOLD  |  0.0BB | VPIP: 22.5%
[  161] BTN | Qh Ac (AQo ) | Eq: 60.1% | PO:24.7% | ▶ RAISE | P/L: +3.5BB | VPIP: 23.0%
[  162] UTG | Jc 7c (J7s ) | Eq: 45.8% |   ---   | ▶ FOLD  |  0.0BB | VPIP: 22.8%
[  163] UTG | 3s 3h (33  ) | Eq: 49.6% |   ---   | ▶ FOLD  |  0.0BB | VPIP: 22.7%
[  164] BB  | 6h 2h (62s ) | Eq: 38.9% |   ---   | ▶ FOLD  |  0.0BB | VPIP: 22.6%
[  165] CO  | 6s 2c (62o ) | Eq: 34.4% |   ---   | ▶ FOLD  |  0.0BB | VPIP: 22.4%
[  166] SB  | 4d 3s (43o ) | Eq: 29.9% |   ---   | ▶ FOLD  |  0.0BB | VPIP: 22.3%
[  167] CO  | 7c Jd (J7o ) | Eq: 43.4% |   ---   | ▶ FOLD  |  0.0BB | VPIP: 22.2%
[  168] BB  | 2s 8c (82o ) | Eq: 38.3% |   ---   | ▶ FOLD  |  0.0BB | VPIP: 22.0%
[  169] HJ  | 2d 6c (62o ) | Eq: 36.0% |   ---   | ▶ FOLD  |  0.0BB | VPIP: 21.9%
[  170] SB  | Ks 4h (K4o ) | Eq: 49.7% |   ---   | ▶ FOLD  |  0.0BB | VPIP: 21.8%
[  171] UTG | 7h 5c (75o ) | Eq: 36.4% |   ---   | ▶ FOLD  |  0.0BB | VPIP: 21.6%
[  172] CO  | 2c Kh (K2o ) | Eq: 44.2% |   ---   | ▶ FOLD  |  0.0BB | VPIP: 21.5%
[  173] SB  | 6h 5c (65o ) | Eq: 39.0% |   ---   | ▶ FOLD  |  0.0BB | VPIP: 21.4%
[  174] SB  | 9c 8s (98o ) | Eq: 46.5% |   ---   | ▶ FOLD  |  0.0BB | VPIP: 21.3%
[  175] HJ  | Jh Ah (AJs ) | Eq: 61.9% | PO:31.0% | ▶ RAISE | P/L: +3.5BB | VPIP: 21.7%
[  176] BTN | 8s 7d (87o ) | Eq: 44.4% |   ---   | ▶ FOLD  |  0.0BB | VPIP: 21.6%
[  177] CO  | 4s Ah (A4o ) | Eq: 52.4% |   ---   | ▶ FOLD  |  0.0BB | VPIP: 21.5%
[  178] CO  | 4s Kh (K4o ) | Eq: 50.4% |   ---   | ▶ FOLD  |  0.0BB | VPIP: 21.3%
[  179] SB  | Jh Th (JTs ) | Eq: 54.5% | PO:25.1% | ▶ CALL  | P/L: +2.0BB | VPIP: 21.8%
[  180] CO  | Jc 7d (J7o ) | Eq: 44.4% |   ---   | ▶ FOLD  |  0.0BB | VPIP: 21.7%
[  181] BTN | 7c Qh (Q7o ) | Eq: 45.8% |   ---   | ▶ FOLD  |  0.0BB | VPIP: 21.5%
[  182] SB  | Th Ks (KTo ) | Eq: 53.5% | PO:34.3% | ▶ CALL  | P/L: -2.0BB | VPIP: 22.0%
[  183] HJ  | Ts Ks (KTs ) | Eq: 58.2% | PO:20.0% | ▶ RAISE | P/L: -3.0BB | VPIP: 22.4%
[  184] BB  | 8d 8c (88  ) | Eq: 65.2% | PO:27.1% | ▶ RAISE | P/L: -3.0BB | VPIP: 22.8%
[  185] CO  | Ad 5s (A5o ) | Eq: 54.4% |   ---   | ▶ FOLD  |  0.0BB | VPIP: 22.7%
[  186] BB  | Jd 7d (J7s ) | Eq: 49.2% | PO:30.5% | ▶ CALL  | P/L: +2.0BB | VPIP: 23.1%
[  187] UTG | Jd Ah (AJo ) | Eq: 62.6% |   ---   | ▶ FOLD  |  0.0BB | VPIP: 23.0%
[  188] CO  | 3s Ad (A3o ) | Eq: 52.0% |   ---   | ▶ FOLD  |  0.0BB | VPIP: 22.9%
[  189] BTN | 3h 2c (32o ) | Eq: 28.4% |   ---   | ▶ FOLD  |  0.0BB | VPIP: 22.8%
[  190] BTN | 6s 7c (76o ) | Eq: 44.1% |   ---   | ▶ FOLD  |  0.0BB | VPIP: 22.6%
[  191] BB  | Qd Jd (QJs ) | Eq: 61.3% | PO:24.9% | ▶ RAISE | P/L: +3.5BB | VPIP: 23.0%
[  192] BTN | 4c 4h (44  ) | Eq: 55.8% | PO:18.9% | ▶ RAISE | P/L: +3.5BB | VPIP: 23.4%
[  193] CO  | 7h Qs (Q7o ) | Eq: 48.5% |   ---   | ▶ FOLD  |  0.0BB | VPIP: 23.3%
[  194] BTN | 4s Ah (A4o ) | Eq: 49.4% |   ---   | ▶ FOLD  |  0.0BB | VPIP: 23.2%
[  195] UTG | 3h Qc (Q3o ) | Eq: 47.8% |   ---   | ▶ FOLD  |  0.0BB | VPIP: 23.1%
[  196] BB  | Kh 9h (K9s ) | Eq: 53.2% | PO:19.6% | ▶ CALL  | P/L: -2.0BB | VPIP: 23.5%
[  197] UTG | 5s Kd (K5o ) | Eq: 47.2% |   ---   | ▶ FOLD  |  0.0BB | VPIP: 23.4%
[  198] HJ  | Kh 3d (K3o ) | Eq: 46.7% |   ---   | ▶ FOLD  |  0.0BB | VPIP: 23.2%
[  199] BB  | Ts Ac (ATo ) | Eq: 61.5% | PO:23.9% | ▶ RAISE | P/L: -3.0BB | VPIP: 23.6%
[  200] UTG | 7c Kd (K7o ) | Eq: 52.3% |   ---   | ▶ FOLD  |  0.0BB | VPIP: 23.5%
[  201] UTG | 4h 5c (54o ) | Eq: 32.9% |   ---   | ▶ FOLD  |  0.0BB | VPIP: 23.4%
[  202] BTN | 8c 2c (82s ) | Eq: 37.0% |   ---   | ▶ FOLD  |  0.0BB | VPIP: 23.3%
[  203] UTG | 7s Tc (T7o ) | Eq: 48.9% |   ---   | ▶ FOLD  |  0.0BB | VPIP: 23.2%
[  204] SB  | Qd 5d (Q5s ) | Eq: 48.0% |   ---   | ▶ FOLD  |  0.0BB | VPIP: 23.0%
[  205] CO  | 4h 3d (43o ) | Eq: 32.4% |   ---   | ▶ FOLD  |  0.0BB | VPIP: 22.9%
[  206] BB  | 4c Qs (Q4o ) | Eq: 42.7% |   ---   | ▶ FOLD  |  0.0BB | VPIP: 22.8%
[  207] UTG | Ad 3s (A3o ) | Eq: 55.7% |   ---   | ▶ FOLD  |  0.0BB | VPIP: 22.7%
[  208] HJ  | 6d 3h (63o ) | Eq: 33.2% |   ---   | ▶ FOLD  |  0.0BB | VPIP: 22.6%
[  209] UTG | Kh Ah (AKs ) | Eq: 70.7% | PO:28.7% | ▶ RAISE | P/L: +3.5BB | VPIP: 23.0%
[  210] UTG | 4c 9c (94s ) | Eq: 41.0% |   ---   | ▶ FOLD  |  0.0BB | VPIP: 22.9%
[  211] BB  | Qc 9d (Q9o ) | Eq: 54.3% |   ---   | ▶ FOLD  |  0.0BB | VPIP: 22.7%
[  212] BB  | 9d 9s (99  ) | Eq: 68.2% | PO:34.8% | ▶ RAISE | P/L: +3.5BB | VPIP: 23.1%
[  213] BTN | 7d 7s (77  ) | Eq: 67.9% | PO:19.9% | ▶ RAISE | P/L: +3.5BB | VPIP: 23.5%
[  214] BTN | 8c As (A8o ) | Eq: 54.2% |   ---   | ▶ FOLD  |  0.0BB | VPIP: 23.4%
[  215] BB  | Ks Ac (AKo ) | Eq: 66.9% | PO:22.0% | ▶ RAISE | P/L: -3.0BB | VPIP: 23.7%
[  216] HJ  | Jd Js (JJ  ) | Eq: 78.9% | PO:23.6% | ▶ RAISE | P/L: +3.5BB | VPIP: 24.1%
[  217] CO  | 2s Td (T2o ) | Eq: 39.0% |   ---   | ▶ FOLD  |  0.0BB | VPIP: 24.0%
[  218] UTG | 7c 8d (87o ) | Eq: 46.5% |   ---   | ▶ FOLD  |  0.0BB | VPIP: 23.9%
[  219] HJ  | 4d 3s (43o ) | Eq: 32.7% |   ---   | ▶ FOLD  |  0.0BB | VPIP: 23.7%
[  220] HJ  | 2d 3c (32o ) | Eq: 32.4% |   ---   | ▶ FOLD  |  0.0BB | VPIP: 23.6%
[  221] UTG | 9s Jd (J9o ) | Eq: 52.1% |   ---   | ▶ FOLD  |  0.0BB | VPIP: 23.5%
[  222] CO  | 6d 4d (64s ) | Eq: 39.4% |   ---   | ▶ FOLD  |  0.0BB | VPIP: 23.4%
[  223] BTN | 2c 5h (52o ) | Eq: 30.6% |   ---   | ▶ FOLD  |  0.0BB | VPIP: 23.3%
[  224] SB  | Kd 7h (K7o ) | Eq: 49.4% |   ---   | ▶ FOLD  |  0.0BB | VPIP: 23.2%
[  225] HJ  | 5c 9s (95o ) | Eq: 39.7% |   ---   | ▶ FOLD  |  0.0BB | VPIP: 23.1%
[  226] BTN | Jc Ad (AJo ) | Eq: 62.1% | PO:18.6% | ▶ RAISE | P/L: +3.5BB | VPIP: 23.5%
[  227] SB  | 7s 4s (74s ) | Eq: 40.9% |   ---   | ▶ FOLD  |  0.0BB | VPIP: 23.3%
[  228] CO  | Qc Kc (KQs ) | Eq: 64.8% | PO:21.1% | ▶ RAISE | P/L: +3.5BB | VPIP: 23.7%
[  229] SB  | 2s 6c (62o ) | Eq: 33.9% |   ---   | ▶ FOLD  |  0.0BB | VPIP: 23.6%
[  230] SB  | 7s Kd (K7o ) | Eq: 52.2% |   ---   | ▶ FOLD  |  0.0BB | VPIP: 23.5%
[  231] UTG | Td Th (TT  ) | Eq: 70.1% | PO:29.2% | ▶ RAISE | P/L: -3.0BB | VPIP: 23.8%
[  232] HJ  | Ah 9h (A9s ) | Eq: 61.5% | PO:26.0% | ▶ RAISE | P/L: +3.5BB | VPIP: 24.1%
[  233] SB  | 3c 3s (33  ) | Eq: 50.2% | PO:19.3% | ▶ CALL  | P/L: -2.0BB | VPIP: 24.5%
[  234] SB  | 7s 7h (77  ) | Eq: 64.3% | PO:23.3% | ▶ RAISE | P/L: -3.0BB | VPIP: 24.8%
[  235] HJ  | 3d Qh (Q3o ) | Eq: 44.2% |   ---   | ▶ FOLD  |  0.0BB | VPIP: 24.7%
[  236] CO  | Jh 2c (J2o ) | Eq: 45.6% |   ---   | ▶ FOLD  |  0.0BB | VPIP: 24.6%
[  237] BTN | Kd Th (KTo ) | Eq: 53.0% | PO:35.0% | ▶ RAISE | P/L: -3.0BB | VPIP: 24.9%
[  238] UTG | 3d Qc (Q3o ) | Eq: 46.4% |   ---   | ▶ FOLD  |  0.0BB | VPIP: 24.8%
[  239] HJ  | Jc 3d (J3o ) | Eq: 41.3% |   ---   | ▶ FOLD  |  0.0BB | VPIP: 24.7%
[  240] BTN | 3h 9d (93o ) | Eq: 42.8% |   ---   | ▶ FOLD  |  0.0BB | VPIP: 24.6%
[  241] UTG | Kh 6h (K6s ) | Eq: 54.5% |   ---   | ▶ FOLD  |  0.0BB | VPIP: 24.5%
[  242] UTG | Ks 7d (K7o ) | Eq: 47.8% |   ---   | ▶ FOLD  |  0.0BB | VPIP: 24.4%
[  243] UTG | 8s As (A8s ) | Eq: 61.4% | PO:23.9% | ▶ RAISE | P/L: +3.5BB | VPIP: 24.7%
[  244] CO  | 5s Ac (A5o ) | Eq: 52.3% |   ---   | ▶ FOLD  |  0.0BB | VPIP: 24.6%
[  245] SB  | Qs 9c (Q9o ) | Eq: 53.6% |   ---   | ▶ FOLD  |  0.0BB | VPIP: 24.5%
[  246] BB  | 2c Qh (Q2o ) | Eq: 42.9% |   ---   | ▶ FOLD  |  0.0BB | VPIP: 24.4%
[  247] BTN | 3h Jh (J3s ) | Eq: 49.4% |   ---   | ▶ FOLD  |  0.0BB | VPIP: 24.3%
[  248] CO  | Ah 2c (A2o ) | Eq: 53.8% |   ---   | ▶ FOLD  |  0.0BB | VPIP: 24.2%
[  249] BB  | 2d Ad (A2s ) | Eq: 57.6% | PO:22.0% | ▶ RAISE | P/L: -3.0BB | VPIP: 24.5%
[  250] SB  | 3d 5c (53o ) | Eq: 34.4% |   ---   | ▶ FOLD  |  0.0BB | VPIP: 24.4%
[  251] SB  | 7c Qh (Q7o ) | Eq: 51.9% |   ---   | ▶ FOLD  |  0.0BB | VPIP: 24.3%
[  252] CO  | 6d Kd (K6s ) | Eq: 48.4% |   ---   | ▶ FOLD  |  0.0BB | VPIP: 24.2%
[  253] UTG | 2c 9c (92s ) | Eq: 37.3% |   ---   | ▶ FOLD  |  0.0BB | VPIP: 24.1%
[  254] BB  | Qs Kc (KQo ) | Eq: 54.6% | PO:32.5% | ▶ CALL  | P/L: -2.0BB | VPIP: 24.4%
[  255] HJ  | 9c Qd (Q9o ) | Eq: 46.8% |   ---   | ▶ FOLD  |  0.0BB | VPIP: 24.3%
[  256] CO  | 4s 5h (54o ) | Eq: 34.8% |   ---   | ▶ FOLD  |  0.0BB | VPIP: 24.2%
[  257] SB  | 7h 7s (77  ) | Eq: 66.8% | PO:31.9% | ▶ RAISE | P/L: -3.0BB | VPIP: 24.5%
[  258] UTG | Th 7c (T7o ) | Eq: 47.9% |   ---   | ▶ FOLD  |  0.0BB | VPIP: 24.4%
[  259] SB  | 2c 9c (92s ) | Eq: 41.3% |   ---   | ▶ FOLD  |  0.0BB | VPIP: 24.3%
[  260] BB  | 4s Ah (A4o ) | Eq: 52.9% |   ---   | ▶ FOLD  |  0.0BB | VPIP: 24.2%
[  261] HJ  | Js 7s (J7s ) | Eq: 52.1% |   ---   | ▶ FOLD  |  0.0BB | VPIP: 24.1%
[  262] CO  | 2c 6d (62o ) | Eq: 33.1% |   ---   | ▶ FOLD  |  0.0BB | VPIP: 24.0%
[  263] CO  | Qc 8d (Q8o ) | Eq: 52.8% |   ---   | ▶ FOLD  |  0.0BB | VPIP: 24.0%
[  264] HJ  | Kh Qc (KQo ) | Eq: 61.6% | PO:34.2% | ▶ RAISE | P/L: +3.5BB | VPIP: 24.2%
[  265] HJ  | 6s 4h (64o ) | Eq: 39.7% |   ---   | ▶ FOLD  |  0.0BB | VPIP: 24.2%
[  266] HJ  | Jc 7c (J7s ) | Eq: 53.8% |   ---   | ▶ FOLD  |  0.0BB | VPIP: 24.1%
[  267] BTN | Qh 5h (Q5s ) | Eq: 51.0% |   ---   | ▶ FOLD  |  0.0BB | VPIP: 24.0%
[  268] CO  | 5h 6s (65o ) | Eq: 40.6% |   ---   | ▶ FOLD  |  0.0BB | VPIP: 23.9%
[  269] BTN | 5s 3h (53o ) | Eq: 30.4% |   ---   | ▶ FOLD  |  0.0BB | VPIP: 23.8%
[  270] SB  | 6d Jh (J6o ) | Eq: 45.7% |   ---   | ▶ FOLD  |  0.0BB | VPIP: 23.7%
[  271] BB  | 7d 4h (74o ) | Eq: 36.9% |   ---   | ▶ FOLD  |  0.0BB | VPIP: 23.6%
[  272] CO  | Jd As (AJo ) | Eq: 57.5% | PO:32.6% | ▶ RAISE | P/L: +3.5BB | VPIP: 23.9%
[  273] HJ  | 7h Qh (Q7s ) | Eq: 50.3% |   ---   | ▶ FOLD  |  0.0BB | VPIP: 23.8%
[  274] SB  | 7c Qd (Q7o ) | Eq: 47.4% |   ---   | ▶ FOLD  |  0.0BB | VPIP: 23.7%
[  275] HJ  | 8s 6d (86o ) | Eq: 44.0% |   ---   | ▶ FOLD  |  0.0BB | VPIP: 23.6%
[  276] HJ  | 4d 7s (74o ) | Eq: 36.2% |   ---   | ▶ FOLD  |  0.0BB | VPIP: 23.6%
[  277] CO  | 6s 3s (63s ) | Eq: 37.5% |   ---   | ▶ FOLD  |  0.0BB | VPIP: 23.5%
[  278] UTG | 6d 4s (64o ) | Eq: 37.6% |   ---   | ▶ FOLD  |  0.0BB | VPIP: 23.4%
[  279] BTN | Jd 8h (J8o ) | Eq: 50.7% |   ---   | ▶ FOLD  |  0.0BB | VPIP: 23.3%
[  280] UTG | 4c 2h (42o ) | Eq: 32.9% |   ---   | ▶ FOLD  |  0.0BB | VPIP: 23.2%
[  281] HJ  | Kd Qc (KQo ) | Eq: 58.6% | PO:25.4% | ▶ RAISE | P/L: +3.5BB | VPIP: 23.5%
[  282] BB  | 2s Tc (T2o ) | Eq: 40.9% |   ---   | ▶ FOLD  |  0.0BB | VPIP: 23.4%
[  283] CO  | 5c 7c (75s ) | Eq: 43.2% |   ---   | ▶ FOLD  |  0.0BB | VPIP: 23.3%
[  284] BB  | Qs 6h (Q6o ) | Eq: 45.4% |   ---   | ▶ FOLD  |  0.0BB | VPIP: 23.2%
[  285] BTN | 7d 5h (75o ) | Eq: 36.9% |   ---   | ▶ FOLD  |  0.0BB | VPIP: 23.2%
[  286] BB  | 6d Jc (J6o ) | Eq: 45.7% |   ---   | ▶ FOLD  |  0.0BB | VPIP: 23.1%
[  287] UTG | 9h 2c (92o ) | Eq: 36.0% |   ---   | ▶ FOLD  |  0.0BB | VPIP: 23.0%
[  288] BTN | 3d 4d (43s ) | Eq: 35.0% |   ---   | ▶ FOLD  |  0.0BB | VPIP: 22.9%
[  289] BB  | Ac Qh (AQo ) | Eq: 61.7% | PO:33.7% | ▶ RAISE | P/L: -3.0BB | VPIP: 23.2%
[  290] CO  | 7s Ts (T7s ) | Eq: 48.6% | PO:32.1% | ▶ RAISE | P/L: +3.5BB | VPIP: 23.4%
[  291] CO  | 5h 3s (53o ) | Eq: 30.3% |   ---   | ▶ FOLD  |  0.0BB | VPIP: 23.4%
[  292] UTG | 2d Js (J2o ) | Eq: 45.6% |   ---   | ▶ FOLD  |  0.0BB | VPIP: 23.3%
[  293] HJ  | Th 9d (T9o ) | Eq: 53.8% |   ---   | ▶ FOLD  |  0.0BB | VPIP: 23.2%
[  294] SB  | 9d 7d (97s ) | Eq: 48.5% |   ---   | ▶ FOLD  |  0.0BB | VPIP: 23.1%
[  295] HJ  | 8s Kd (K8o ) | Eq: 50.9% |   ---   | ▶ FOLD  |  0.0BB | VPIP: 23.1%
[  296] HJ  | Th 2s (T2o ) | Eq: 37.9% |   ---   | ▶ FOLD  |  0.0BB | VPIP: 23.0%
[  297] CO  | 9c 2d (92o ) | Eq: 34.8% |   ---   | ▶ FOLD  |  0.0BB | VPIP: 22.9%
[  298] SB  | 6c Qh (Q6o ) | Eq: 45.2% |   ---   | ▶ FOLD  |  0.0BB | VPIP: 22.8%
[  299] BTN | 2c 9s (92o ) | Eq: 41.7% |   ---   | ▶ FOLD  |  0.0BB | VPIP: 22.7%
[  300] SB  | 9d 2c (92o ) | Eq: 35.3% |   ---   | ▶ FOLD  |  0.0BB | VPIP: 22.7%

━━━━━━━━━━━━━━━━━━━━━━━━━━━━━━━━━━━━━━━━━━━━━━━━━━━━━━━━━━━━━━━━━━━━━━━━
📊 REPORT @ 300 MANI
━━━━━━━━━━━━━━━━━━━━━━━━━━━━━━━━━━━━━━━━━━━━━━━━━━━━━━━━━━━━━━━━━━━━━━━━
  Mani giocate:    300
  VPIP medio:      22.7% ✅  (teorico: 21.3%)
  Profit netto:    +40.5 BB
  BB/100 mani:     +13.5
  Azioni:  Raise: 59  |  Call: 9  |  Fold: 232
━━━━━━━━━━━━━━━━━━━━━━━━━━━━━━━━━━━━━━━━━━━━━━━━━━━━━━━━━━━━━━━━━━━━━━━━
[  301] HJ  | 6s 4h (64o ) | Eq: 37.7% |   ---   | ▶ FOLD  |  0.0BB | VPIP: 22.6%
[  302] HJ  | Kd 3c (K3o ) | Eq: 46.6% |   ---   | ▶ FOLD  |  0.0BB | VPIP: 22.5%
[  303] UTG | 7h 3h (73s ) | Eq: 35.6% |   ---   | ▶ FOLD  |  0.0BB | VPIP: 22.4%
[  304] UTG | Qc 8c (Q8s ) | Eq: 53.6% |   ---   | ▶ FOLD  |  0.0BB | VPIP: 22.4%
[  305] UTG | Ah Th (ATs ) | Eq: 62.8% | PO:25.8% | ▶ RAISE | P/L: +3.5BB | VPIP: 22.6%
[  306] HJ  | Tc 3d (T3o ) | Eq: 40.7% |   ---   | ▶ FOLD  |  0.0BB | VPIP: 22.5%
[  307] CO  | 6c Jd (J6o ) | Eq: 43.0% |   ---   | ▶ FOLD  |  0.0BB | VPIP: 22.5%
[  308] SB  | 6s 4d (64o ) | Eq: 36.8% |   ---   | ▶ FOLD  |  0.0BB | VPIP: 22.4%
[  309] HJ  | 3c Jc (J3s ) | Eq: 48.8% |   ---   | ▶ FOLD  |  0.0BB | VPIP: 22.3%
[  310] BTN | Kh 9d (K9o ) | Eq: 54.1% |   ---   | ▶ FOLD  |  0.0BB | VPIP: 22.3%
[  311] BTN | Jh Jc (JJ  ) | Eq: 73.2% | PO:31.9% | ▶ RAISE | P/L: +3.5BB | VPIP: 22.5%
[  312] CO  | 9c 5h (95o ) | Eq: 40.1% |   ---   | ▶ FOLD  |  0.0BB | VPIP: 22.4%
[  313] HJ  | Jd 9d (J9s ) | Eq: 50.2% | PO:32.8% | ▶ CALL  | P/L: +2.0BB | VPIP: 22.7%
[  314] BB  | Ah Kd (AKo ) | Eq: 64.7% | PO:24.7% | ▶ RAISE | P/L: -3.0BB | VPIP: 22.9%
[  315] HJ  | Th Qs (QTo ) | Eq: 50.1% |   ---   | ▶ FOLD  |  0.0BB | VPIP: 22.9%
[  316] BTN | 4h 6c (64o ) | Eq: 36.0% |   ---   | ▶ FOLD  |  0.0BB | VPIP: 22.8%
[  317] BB  | 6d Kd (K6s ) | Eq: 50.7% |   ---   | ▶ FOLD  |  0.0BB | VPIP: 22.7%
[  318] HJ  | Ks Kh (KK  ) | Eq: 81.4% | PO:28.6% | ▶ RAISE | P/L: +3.5BB | VPIP: 23.0%
[  319] UTG | 4s 3s (43s ) | Eq: 34.5% |   ---   | ▶ FOLD  |  0.0BB | VPIP: 22.9%
[  320] SB  | Ad 5c (A5o ) | Eq: 52.1% |   ---   | ▶ FOLD  |  0.0BB | VPIP: 22.8%
[  321] HJ  | 9h 7s (97o ) | Eq: 42.2% |   ---   | ▶ FOLD  |  0.0BB | VPIP: 22.7%
[  322] BB  | 8h 4c (84o ) | Eq: 40.1% |   ---   | ▶ FOLD  |  0.0BB | VPIP: 22.7%
[  323] SB  | As Qd (AQo ) | Eq: 64.1% | PO:33.9% | ▶ RAISE | P/L: +3.5BB | VPIP: 22.9%
[  324] BB  | 8s Qh (Q8o ) | Eq: 50.8% |   ---   | ▶ FOLD  |  0.0BB | VPIP: 22.8%
[  325] CO  | 6d 9s (96o ) | Eq: 42.1% |   ---   | ▶ FOLD  |  0.0BB | VPIP: 22.8%
[  326] SB  | Ah 2c (A2o ) | Eq: 51.9% |   ---   | ▶ FOLD  |  0.0BB | VPIP: 22.7%
[  327] BB  | 2s Qh (Q2o ) | Eq: 45.4% |   ---   | ▶ FOLD  |  0.0BB | VPIP: 22.6%
[  328] HJ  | 2d 5d (52s ) | Eq: 35.1% |   ---   | ▶ FOLD  |  0.0BB | VPIP: 22.6%
[  329] BTN | 4d Qd (Q4s ) | Eq: 46.9% |   ---   | ▶ FOLD  |  0.0BB | VPIP: 22.5%
[  330] BB  | 8h Ah (A8s ) | Eq: 59.5% | PO:24.8% | ▶ RAISE | P/L: -3.0BB | VPIP: 22.7%
[  331] BTN | 8d 9s (98o ) | Eq: 45.9% |   ---   | ▶ FOLD  |  0.0BB | VPIP: 22.7%
[  332] BB  | 6s Jh (J6o ) | Eq: 46.5% |   ---   | ▶ FOLD  |  0.0BB | VPIP: 22.6%
[  333] CO  | Js Ad (AJo ) | Eq: 58.6% | PO:22.1% | ▶ RAISE | P/L: -3.0BB | VPIP: 22.8%
[  334] BB  | Ah 7c (A7o ) | Eq: 53.4% |   ---   | ▶ FOLD  |  0.0BB | VPIP: 22.8%
[  335] BB  | 7d 3h (73o ) | Eq: 37.1% |   ---   | ▶ FOLD  |  0.0BB | VPIP: 22.7%
[  336] SB  | 6c 2s (62o ) | Eq: 33.3% |   ---   | ▶ FOLD  |  0.0BB | VPIP: 22.6%
[  337] BB  | Kd 2c (K2o ) | Eq: 46.2% |   ---   | ▶ FOLD  |  0.0BB | VPIP: 22.6%
[  338] SB  | 2c 4s (42o ) | Eq: 28.4% |   ---   | ▶ FOLD  |  0.0BB | VPIP: 22.5%
[  339] SB  | 5c 7h (75o ) | Eq: 40.0% |   ---   | ▶ FOLD  |  0.0BB | VPIP: 22.4%
[  340] HJ  | 4d Th (T4o ) | Eq: 42.8% |   ---   | ▶ FOLD  |  0.0BB | VPIP: 22.4%
[  341] SB  | Ad Kh (AKo ) | Eq: 65.0% | PO:29.3% | ▶ RAISE | P/L: -3.0BB | VPIP: 22.6%
[  342] CO  | 8c Jc (J8s ) | Eq: 49.9% | PO:22.0% | ▶ RAISE | P/L: +3.5BB | VPIP: 22.8%
[  343] BTN | 9d Td (T9s ) | Eq: 54.2% | PO:33.9% | ▶ RAISE | P/L: -3.0BB | VPIP: 23.0%
[  344] BTN | 9c 4s (94o ) | Eq: 42.1% |   ---   | ▶ FOLD  |  0.0BB | VPIP: 23.0%
[  345] BB  | Js Kh (KJo ) | Eq: 58.6% |   ---   | ▶ FOLD  |  0.0BB | VPIP: 22.9%
[  346] SB  | Qh Ac (AQo ) | Eq: 58.4% | PO:28.5% | ▶ RAISE | P/L: -3.0BB | VPIP: 23.1%
[  347] BTN | 8d 2d (82s ) | Eq: 42.2% |   ---   | ▶ FOLD  |  0.0BB | VPIP: 23.1%
[  348] CO  | 5h Ac (A5o ) | Eq: 52.3% |   ---   | ▶ FOLD  |  0.0BB | VPIP: 23.0%
[  349] BB  | Ad 7h (A7o ) | Eq: 57.0% |   ---   | ▶ FOLD  |  0.0BB | VPIP: 22.9%
[  350] SB  | 7d 9h (97o ) | Eq: 44.2% |   ---   | ▶ FOLD  |  0.0BB | VPIP: 22.9%
[  351] HJ  | 5h 8c (85o ) | Eq: 37.3% |   ---   | ▶ FOLD  |  0.0BB | VPIP: 22.8%
[  352] UTG | 7c 2s (72o ) | Eq: 32.0% |   ---   | ▶ FOLD  |  0.0BB | VPIP: 22.7%
[  353] CO  | 9h 8s (98o ) | Eq: 45.9% |   ---   | ▶ FOLD  |  0.0BB | VPIP: 22.7%
[  354] BB  | 2d 4c (42o ) | Eq: 31.0% |   ---   | ▶ FOLD  |  0.0BB | VPIP: 22.6%
[  355] CO  | Ah 8c (A8o ) | Eq: 56.4% |   ---   | ▶ FOLD  |  0.0BB | VPIP: 22.5%
[  356] BTN | Kd Ad (AKs ) | Eq: 64.9% | PO:21.5% | ▶ RAISE | P/L: -3.0BB | VPIP: 22.8%
[  357] BB  | 2h 9d (92o ) | Eq: 41.0% |   ---   | ▶ FOLD  |  0.0BB | VPIP: 22.7%
[  358] HJ  | 9d As (A9o ) | Eq: 60.4% |   ---   | ▶ FOLD  |  0.0BB | VPIP: 22.6%
[  359] BTN | 8d 4d (84s ) | Eq: 42.7% |   ---   | ▶ FOLD  |  0.0BB | VPIP: 22.6%
[  360] CO  | As 6h (A6o ) | Eq: 57.5% |   ---   | ▶ FOLD  |  0.0BB | VPIP: 22.5%
[  361] UTG | 6s 8h (86o ) | Eq: 44.0% |   ---   | ▶ FOLD  |  0.0BB | VPIP: 22.4%
[  362] BB  | 8s Qd (Q8o ) | Eq: 48.7% |   ---   | ▶ FOLD  |  0.0BB | VPIP: 22.4%
[  363] HJ  | 5c 2c (52s ) | Eq: 36.9% |   ---   | ▶ FOLD  |  0.0BB | VPIP: 22.3%
[  364] CO  | 3c Ac (A3s ) | Eq: 53.9% | PO:18.3% | ▶ RAISE | P/L: +3.5BB | VPIP: 22.5%
[  365] UTG | Jd Js (JJ  ) | Eq: 77.8% | PO:18.9% | ▶ RAISE | P/L: +3.5BB | VPIP: 22.7%
[  366] BB  | Jd 7d (J7s ) | Eq: 48.1% | PO:34.1% | ▶ CALL  | P/L: -2.0BB | VPIP: 23.0%
[  367] BTN | 6d 7c (76o ) | Eq: 43.1% |   ---   | ▶ FOLD  |  0.0BB | VPIP: 22.9%
[  368] HJ  | 4s 8h (84o ) | Eq: 40.7% |   ---   | ▶ FOLD  |  0.0BB | VPIP: 22.8%
[  369] CO  | 4h 9c (94o ) | Eq: 40.5% |   ---   | ▶ FOLD  |  0.0BB | VPIP: 22.8%
[  370] CO  | Ah Jd (AJo ) | Eq: 63.3% | PO:31.7% | ▶ RAISE | P/L: +3.5BB | VPIP: 23.0%
[  371] CO  | 3d 4c (43o ) | Eq: 33.1% |   ---   | ▶ FOLD  |  0.0BB | VPIP: 22.9%
[  372] UTG | Jc 6d (J6o ) | Eq: 45.0% |   ---   | ▶ FOLD  |  0.0BB | VPIP: 22.8%
[  373] UTG | 3c Ad (A3o ) | Eq: 53.4% |   ---   | ▶ FOLD  |  0.0BB | VPIP: 22.8%
[  374] CO  | 7c Kd (K7o ) | Eq: 52.0% |   ---   | ▶ FOLD  |  0.0BB | VPIP: 22.7%
[  375] HJ  | Jd Ac (AJo ) | Eq: 61.8% | PO:31.3% | ▶ RAISE | P/L: +3.5BB | VPIP: 22.9%
[  376] BTN | Ts Ah (ATo ) | Eq: 62.8% | PO:25.0% | ▶ RAISE | P/L: -3.0BB | VPIP: 23.1%
[  377] BB  | 6d Kc (K6o ) | Eq: 52.4% |   ---   | ▶ FOLD  |  0.0BB | VPIP: 23.1%
[  378] SB  | 2d Ac (A2o ) | Eq: 47.2% |   ---   | ▶ FOLD  |  0.0BB | VPIP: 23.0%
[  379] BTN | Kd Jd (KJs ) | Eq: 58.8% | PO:19.4% | ▶ RAISE | P/L: -3.0BB | VPIP: 23.2%
[  380] BTN | Ac 9d (A9o ) | Eq: 61.4% | PO:19.9% | ▶ RAISE | P/L: +3.5BB | VPIP: 23.4%
[  381] HJ  | Qh 8s (Q8o ) | Eq: 50.3% |   ---   | ▶ FOLD  |  0.0BB | VPIP: 23.4%
[  382] CO  | 5h Kc (K5o ) | Eq: 52.1% |   ---   | ▶ FOLD  |  0.0BB | VPIP: 23.3%
[  383] BTN | Qd 7c (Q7o ) | Eq: 51.2% |   ---   | ▶ FOLD  |  0.0BB | VPIP: 23.2%
[  384] UTG | 6s 8h (86o ) | Eq: 41.7% |   ---   | ▶ FOLD  |  0.0BB | VPIP: 23.2%
[  385] SB  | Th 6d (T6o ) | Eq: 44.2% |   ---   | ▶ FOLD  |  0.0BB | VPIP: 23.1%
[  386] UTG | Ts Js (JTs ) | Eq: 54.6% | PO:30.5% | ▶ CALL  | P/L: +2.0BB | VPIP: 23.3%
[  387] SB  | 4d 2c (42o ) | Eq: 32.7% |   ---   | ▶ FOLD  |  0.0BB | VPIP: 23.3%
[  388] CO  | Qs 2s (Q2s ) | Eq: 43.5% |   ---   | ▶ FOLD  |  0.0BB | VPIP: 23.2%
[  389] CO  | Kd 4d (K4s ) | Eq: 50.7% |   ---   | ▶ FOLD  |  0.0BB | VPIP: 23.1%
[  390] BB  | 7d Tc (T7o ) | Eq: 45.0% |   ---   | ▶ FOLD  |  0.0BB | VPIP: 23.1%
[  391] BTN | Td 5s (T5o ) | Eq: 43.9% |   ---   | ▶ FOLD  |  0.0BB | VPIP: 23.0%
[  392] BTN | 9d As (A9o ) | Eq: 55.8% | PO:18.2% | ▶ RAISE | P/L: +3.5BB | VPIP: 23.2%
[  393] BB  | Ac 9c (A9s ) | Eq: 63.7% | PO:33.0% | ▶ RAISE | P/L: +3.5BB | VPIP: 23.4%
[  394] UTG | Jh 6c (J6o ) | Eq: 43.6% |   ---   | ▶ FOLD  |  0.0BB | VPIP: 23.4%
[  395] SB  | Td 2s (T2o ) | Eq: 42.1% |   ---   | ▶ FOLD  |  0.0BB | VPIP: 23.3%
[  396] BB  | 6d Ac (A6o ) | Eq: 58.8% |   ---   | ▶ FOLD  |  0.0BB | VPIP: 23.2%
[  397] BTN | 5s 6c (65o ) | Eq: 36.0% |   ---   | ▶ FOLD  |  0.0BB | VPIP: 23.2%
[  398] HJ  | Qc 7c (Q7s ) | Eq: 54.9% |   ---   | ▶ FOLD  |  0.0BB | VPIP: 23.1%
[  399] CO  | 4h 5h (54s ) | Eq: 41.1% |   ---   | ▶ FOLD  |  0.0BB | VPIP: 23.1%
[  400] BTN | Jc Ah (AJo ) | Eq: 62.0% | PO:34.6% | ▶ RAISE | P/L: +3.5BB | VPIP: 23.2%
[  401] UTG | Td 6s (T6o ) | Eq: 45.2% |   ---   | ▶ FOLD  |  0.0BB | VPIP: 23.2%
[  402] HJ  | 4s 8d (84o ) | Eq: 36.1% |   ---   | ▶ FOLD  |  0.0BB | VPIP: 23.1%
[  403] BB  | As Tc (ATo ) | Eq: 57.6% | PO:24.9% | ▶ RAISE | P/L: +3.5BB | VPIP: 23.3%
[  404] SB  | 4h 6h (64s ) | Eq: 40.2% |   ---   | ▶ FOLD  |  0.0BB | VPIP: 23.3%
[  405] CO  | 7s 4s (74s ) | Eq: 36.4% |   ---   | ▶ FOLD  |  0.0BB | VPIP: 23.2%
[  406] BTN | Ah Qc (AQo ) | Eq: 62.7% | PO:26.0% | ▶ RAISE | P/L: +3.5BB | VPIP: 23.4%
[  407] BB  | Ks Qs (KQs ) | Eq: 63.3% | PO:28.6% | ▶ RAISE | P/L: +3.5BB | VPIP: 23.6%
[  408] BB  | 6c Jc (J6s ) | Eq: 51.7% |   ---   | ▶ FOLD  |  0.0BB | VPIP: 23.5%
[  409] HJ  | 6h Ah (A6s ) | Eq: 61.1% | PO:21.1% | ▶ RAISE | P/L: -3.0BB | VPIP: 23.7%
[  410] UTG | 9h 7h (97s ) | Eq: 50.2% |   ---   | ▶ FOLD  |  0.0BB | VPIP: 23.7%
[  411] BB  | 5d Qd (Q5s ) | Eq: 52.1% |   ---   | ▶ FOLD  |  0.0BB | VPIP: 23.6%
[  412] BTN | Ks Jh (KJo ) | Eq: 58.9% | PO:20.2% | ▶ RAISE | P/L: +3.5BB | VPIP: 23.8%
[  413] HJ  | Js Jc (JJ  ) | Eq: 73.2% | PO:25.0% | ▶ RAISE | P/L: +3.5BB | VPIP: 24.0%
[  414] UTG | Tc 9s (T9o ) | Eq: 52.1% |   ---   | ▶ FOLD  |  0.0BB | VPIP: 23.9%
[  415] UTG | 7h As (A7o ) | Eq: 57.1% |   ---   | ▶ FOLD  |  0.0BB | VPIP: 23.9%
[  416] UTG | 9h 5d (95o ) | Eq: 39.3% |   ---   | ▶ FOLD  |  0.0BB | VPIP: 23.8%
[  417] BB  | 9s 7d (97o ) | Eq: 44.8% |   ---   | ▶ FOLD  |  0.0BB | VPIP: 23.7%
[  418] UTG | Js Ah (AJo ) | Eq: 61.5% |   ---   | ▶ FOLD  |  0.0BB | VPIP: 23.7%
[  419] HJ  | 5d 9h (95o ) | Eq: 42.0% |   ---   | ▶ FOLD  |  0.0BB | VPIP: 23.6%
[  420] SB  | Jc 4d (J4o ) | Eq: 40.3% |   ---   | ▶ FOLD  |  0.0BB | VPIP: 23.6%
[  421] BB  | 5d 6s (65o ) | Eq: 40.1% |   ---   | ▶ FOLD  |  0.0BB | VPIP: 23.5%
[  422] CO  | 2c Kc (K2s ) | Eq: 50.5% |   ---   | ▶ FOLD  |  0.0BB | VPIP: 23.5%
[  423] CO  | 2d 7s (72o ) | Eq: 33.3% |   ---   | ▶ FOLD  |  0.0BB | VPIP: 23.4%
[  424] HJ  | 5h Ad (A5o ) | Eq: 55.5% |   ---   | ▶ FOLD  |  0.0BB | VPIP: 23.3%
[  425] UTG | Jd 6h (J6o ) | Eq: 48.8% |   ---   | ▶ FOLD  |  0.0BB | VPIP: 23.3%
[  426] HJ  | 4d 2c (42o ) | Eq: 30.6% |   ---   | ▶ FOLD  |  0.0BB | VPIP: 23.2%
[  427] BTN | 2d Qd (Q2s ) | Eq: 49.7% |   ---   | ▶ FOLD  |  0.0BB | VPIP: 23.2%
[  428] CO  | 8s 2c (82o ) | Eq: 37.8% |   ---   | ▶ FOLD  |  0.0BB | VPIP: 23.1%
[  429] BB  | 6d 5c (65o ) | Eq: 37.7% |   ---   | ▶ FOLD  |  0.0BB | VPIP: 23.1%
[  430] BTN | 9h Js (J9o ) | Eq: 51.7% |   ---   | ▶ FOLD  |  0.0BB | VPIP: 23.0%
[  431] HJ  | Td Qd (QTs ) | Eq: 59.4% | PO:28.9% | ▶ RAISE | P/L: -3.0BB | VPIP: 23.2%
[  432] CO  | 3s 8s (83s ) | Eq: 40.5% |   ---   | ▶ FOLD  |  0.0BB | VPIP: 23.1%
[  433] BB  | Ah 8h (A8s ) | Eq: 61.1% | PO:28.5% | ▶ RAISE | P/L: -3.0BB | VPIP: 23.3%
[  434] BB  | Kh As (AKo ) | Eq: 66.5% | PO:26.8% | ▶ RAISE | P/L: +3.5BB | VPIP: 23.5%
[  435] CO  | 8c 5d (85o ) | Eq: 42.6% |   ---   | ▶ FOLD  |  0.0BB | VPIP: 23.4%
[  436] SB  | 2d Qc (Q2o ) | Eq: 45.8% |   ---   | ▶ FOLD  |  0.0BB | VPIP: 23.4%
[  437] HJ  | Kc 9c (K9s ) | Eq: 55.9% | PO:33.3% | ▶ RAISE | P/L: +3.5BB | VPIP: 23.6%
[  438] SB  | 2s Tc (T2o ) | Eq: 43.7% |   ---   | ▶ FOLD  |  0.0BB | VPIP: 23.5%
[  439] BB  | 4h Qs (Q4o ) | Eq: 49.5% |   ---   | ▶ FOLD  |  0.0BB | VPIP: 23.5%
[  440] CO  | Ks 2s (K2s ) | Eq: 47.8% |   ---   | ▶ FOLD  |  0.0BB | VPIP: 23.4%
[  441] BB  | 2h 9c (92o ) | Eq: 38.6% |   ---   | ▶ FOLD  |  0.0BB | VPIP: 23.4%
[  442] HJ  | 5h Jd (J5o ) | Eq: 44.1% |   ---   | ▶ FOLD  |  0.0BB | VPIP: 23.3%
[  443] HJ  | 2c 3d (32o ) | Eq: 30.6% |   ---   | ▶ FOLD  |  0.0BB | VPIP: 23.3%
[  444] UTG | 7s Qd (Q7o ) | Eq: 47.0% |   ---   | ▶ FOLD  |  0.0BB | VPIP: 23.2%
[  445] HJ  | 3s 3c (33  ) | Eq: 49.0% |   ---   | ▶ FOLD  |  0.0BB | VPIP: 23.1%
[  446] BTN | Kh 5d (K5o ) | Eq: 47.2% |   ---   | ▶ FOLD  |  0.0BB | VPIP: 23.1%
[  447] UTG | 3s Ks (K3s ) | Eq: 49.9% |   ---   | ▶ FOLD  |  0.0BB | VPIP: 23.0%
[  448] UTG | 5h 8h (85s ) | Eq: 45.5% |   ---   | ▶ FOLD  |  0.0BB | VPIP: 23.0%
[  449] SB  | 8s 7d (87o ) | Eq: 41.9% |   ---   | ▶ FOLD  |  0.0BB | VPIP: 22.9%
[  450] HJ  | 3s 5d (53o ) | Eq: 31.1% |   ---   | ▶ FOLD  |  0.0BB | VPIP: 22.9%
[  451] UTG | 2d 5s (52o ) | Eq: 33.2% |   ---   | ▶ FOLD  |  0.0BB | VPIP: 22.8%
[  452] CO  | Qc 3d (Q3o ) | Eq: 47.0% |   ---   | ▶ FOLD  |  0.0BB | VPIP: 22.8%
[  453] SB  | 5c 3h (53o ) | Eq: 31.9% |   ---   | ▶ FOLD  |  0.0BB | VPIP: 22.7%
[  454] HJ  | 8h 7c (87o ) | Eq: 47.0% |   ---   | ▶ FOLD  |  0.0BB | VPIP: 22.7%
[  455] SB  | Qh Js (QJo ) | Eq: 52.0% | PO:30.1% | ▶ CALL  | P/L: +2.0BB | VPIP: 22.9%
[  456] HJ  | Ac Ad (AA  ) | Eq: 88.0% | PO:28.6% | ▶ RAISE | P/L: +3.5BB | VPIP: 23.0%
[  457] BTN | 2d 8c (82o ) | Eq: 40.3% |   ---   | ▶ FOLD  |  0.0BB | VPIP: 23.0%
[  458] BB  | 4d 4c (44  ) | Eq: 56.2% | PO:18.3% | ▶ RAISE | P/L: -3.0BB | VPIP: 23.1%
[  459] CO  | 6s As (A6s ) | Eq: 60.8% | PO:25.5% | ▶ RAISE | P/L: -3.0BB | VPIP: 23.3%
[  460] SB  | 2c Kd (K2o ) | Eq: 42.6% |   ---   | ▶ FOLD  |  0.0BB | VPIP: 23.3%
[  461] BB  | 2c 8c (82s ) | Eq: 37.6% |   ---   | ▶ FOLD  |  0.0BB | VPIP: 23.2%
[  462] BTN | 5h 5c (55  ) | Eq: 57.3% | PO:28.3% | ▶ RAISE | P/L: +3.5BB | VPIP: 23.4%
[  463] BB  | 3s 8h (83o ) | Eq: 38.7% |   ---   | ▶ FOLD  |  0.0BB | VPIP: 23.3%
[  464] HJ  | 3s 5d (53o ) | Eq: 34.3% |   ---   | ▶ FOLD  |  0.0BB | VPIP: 23.3%
[  465] SB  | 9d Jh (J9o ) | Eq: 53.7% |   ---   | ▶ FOLD  |  0.0BB | VPIP: 23.2%
[  466] SB  | Ac Js (AJo ) | Eq: 58.5% | PO:23.5% | ▶ RAISE | P/L: +3.5BB | VPIP: 23.4%
[  467] HJ  | 7s As (A7s ) | Eq: 58.6% | PO:34.3% | ▶ RAISE | P/L: +3.5BB | VPIP: 23.6%
[  468] CO  | As 5d (A5o ) | Eq: 52.3% |   ---   | ▶ FOLD  |  0.0BB | VPIP: 23.5%
[  469] BB  | 6h Js (J6o ) | Eq: 47.7% |   ---   | ▶ FOLD  |  0.0BB | VPIP: 23.5%
[  470] BTN | 4h 2s (42o ) | Eq: 27.2% |   ---   | ▶ FOLD  |  0.0BB | VPIP: 23.4%
[  471] UTG | 9s Kc (K9o ) | Eq: 52.0% |   ---   | ▶ FOLD  |  0.0BB | VPIP: 23.4%
[  472] UTG | 8d 6s (86o ) | Eq: 40.7% |   ---   | ▶ FOLD  |  0.0BB | VPIP: 23.3%
[  473] CO  | Kh 5h (K5s ) | Eq: 49.9% |   ---   | ▶ FOLD  |  0.0BB | VPIP: 23.3%
[  474] HJ  | Ks 5h (K5o ) | Eq: 48.8% |   ---   | ▶ FOLD  |  0.0BB | VPIP: 23.2%
[  475] HJ  | Tc Jh (JTo ) | Eq: 53.5% |   ---   | ▶ FOLD  |  0.0BB | VPIP: 23.2%
[  476] BB  | Qd As (AQo ) | Eq: 59.9% | PO:23.3% | ▶ RAISE | P/L: -3.0BB | VPIP: 23.3%
[  477] BB  | 2h 8d (82o ) | Eq: 35.4% |   ---   | ▶ FOLD  |  0.0BB | VPIP: 23.3%
[  478] SB  | Kh 9s (K9o ) | Eq: 50.0% |   ---   | ▶ FOLD  |  0.0BB | VPIP: 23.2%
[  479] BB  | 2h Th (T2s ) | Eq: 41.6% |   ---   | ▶ FOLD  |  0.0BB | VPIP: 23.2%
[  480] BB  | 4h Kd (K4o ) | Eq: 43.7% |   ---   | ▶ FOLD  |  0.0BB | VPIP: 23.1%
[  481] BTN | 7s 6d (76o ) | Eq: 41.9% |   ---   | ▶ FOLD  |  0.0BB | VPIP: 23.1%
[  482] BB  | 9h 2c (92o ) | Eq: 35.6% |   ---   | ▶ FOLD  |  0.0BB | VPIP: 23.0%
[  483] HJ  | 5d Kd (K5s ) | Eq: 49.4% |   ---   | ▶ FOLD  |  0.0BB | VPIP: 23.0%
[  484] SB  | 5h 6c (65o ) | Eq: 42.5% |   ---   | ▶ FOLD  |  0.0BB | VPIP: 22.9%
[  485] HJ  | 3s Jd (J3o ) | Eq: 42.1% |   ---   | ▶ FOLD  |  0.0BB | VPIP: 22.9%
[  486] CO  | Qh 9d (Q9o ) | Eq: 47.7% |   ---   | ▶ FOLD  |  0.0BB | VPIP: 22.8%
[  487] BB  | Tc Js (JTo ) | Eq: 48.9% |   ---   | ▶ FOLD  |  0.0BB | VPIP: 22.8%
[  488] BB  | Ad 8s (A8o ) | Eq: 59.6% |   ---   | ▶ FOLD  |  0.0BB | VPIP: 22.7%
[  489] BTN | 3h 9h (93s ) | Eq: 38.9% |   ---   | ▶ FOLD  |  0.0BB | VPIP: 22.7%
[  490] SB  | Tc As (ATo ) | Eq: 56.1% | PO:19.7% | ▶ RAISE | P/L: +3.5BB | VPIP: 22.9%
[  491] UTG | Qh 8h (Q8s ) | Eq: 49.4% |   ---   | ▶ FOLD  |  0.0BB | VPIP: 22.8%
[  492] SB  | 2c 4c (42s ) | Eq: 37.0% |   ---   | ▶ FOLD  |  0.0BB | VPIP: 22.8%
[  493] BTN | 3h 4c (43o ) | Eq: 29.4% |   ---   | ▶ FOLD  |  0.0BB | VPIP: 22.7%
[  494] CO  | 8c 6s (86o ) | Eq: 44.4% |   ---   | ▶ FOLD  |  0.0BB | VPIP: 22.7%
[  495] SB  | 4d 2d (42s ) | Eq: 36.8% |   ---   | ▶ FOLD  |  0.0BB | VPIP: 22.6%
[  496] HJ  | Td 6c (T6o ) | Eq: 44.9% |   ---   | ▶ FOLD  |  0.0BB | VPIP: 22.6%
[  497] BB  | 6s Td (T6o ) | Eq: 47.5% |   ---   | ▶ FOLD  |  0.0BB | VPIP: 22.5%
[  498] SB  | 8h 5h (85s ) | Eq: 41.9% |   ---   | ▶ FOLD  |  0.0BB | VPIP: 22.5%
[  499] HJ  | Ad 9c (A9o ) | Eq: 58.7% |   ---   | ▶ FOLD  |  0.0BB | VPIP: 22.4%
[  500] SB  | 5s Ks (K5s ) | Eq: 52.2% |   ---   | ▶ FOLD  |  0.0BB | VPIP: 22.4%
[  501] CO  | Js 8h (J8o ) | Eq: 49.6% |   ---   | ▶ FOLD  |  0.0BB | VPIP: 22.4%
[  502] BTN | Kc Qc (KQs ) | Eq: 61.1% | PO:21.1% | ▶ RAISE | P/L: +3.5BB | VPIP: 22.5%
[  503] BB  | 4c 6h (64o ) | Eq: 37.1% |   ---   | ▶ FOLD  |  0.0BB | VPIP: 22.5%
[  504] SB  | Ad Qd (AQs ) | Eq: 63.5% | PO:28.2% | ▶ RAISE | P/L: -3.0BB | VPIP: 22.6%
[  505] UTG | Th 9h (T9s ) | Eq: 49.3% | PO:30.7% | ▶ CALL  | P/L: +2.0BB | VPIP: 22.8%
[  506] SB  | 2d 2s (22  ) | Eq: 49.2% |   ---   | ▶ FOLD  |  0.0BB | VPIP: 22.7%
[  507] CO  | Jd 7c (J7o ) | Eq: 49.4% |   ---   | ▶ FOLD  |  0.0BB | VPIP: 22.7%
[  508] CO  | 5s 8s (85s ) | Eq: 46.1% |   ---   | ▶ FOLD  |  0.0BB | VPIP: 22.6%
[  509] BTN | 5s 4h (54o ) | Eq: 38.2% |   ---   | ▶ FOLD  |  0.0BB | VPIP: 22.6%
[  510] BB  | 6c 3d (63o ) | Eq: 30.8% |   ---   | ▶ FOLD  |  0.0BB | VPIP: 22.5%
[  511] UTG | 6d 6h (66  ) | Eq: 65.5% | PO:34.7% | ▶ RAISE | P/L: -3.0BB | VPIP: 22.7%
[  512] CO  | 7s Jd (J7o ) | Eq: 48.7% |   ---   | ▶ FOLD  |  0.0BB | VPIP: 22.7%
[  513] BB  | Jh 6c (J6o ) | Eq: 43.7% |   ---   | ▶ FOLD  |  0.0BB | VPIP: 22.6%
[  514] BTN | Th 7h (T7s ) | Eq: 46.3% | PO:28.9% | ▶ CALL  | P/L: +2.0BB | VPIP: 22.8%
[  515] CO  | Ks 4d (K4o ) | Eq: 45.8% |   ---   | ▶ FOLD  |  0.0BB | VPIP: 22.7%
[  516] HJ  | Qh 2h (Q2s ) | Eq: 45.0% |   ---   | ▶ FOLD  |  0.0BB | VPIP: 22.7%
[  517] CO  | 7d Qc (Q7o ) | Eq: 48.3% |   ---   | ▶ FOLD  |  0.0BB | VPIP: 22.6%
[  518] BB  | Kh Ts (KTo ) | Eq: 50.2% |   ---   | ▶ FOLD  |  0.0BB | VPIP: 22.6%
[  519] CO  | Qh Jc (QJo ) | Eq: 51.6% | PO:22.0% | ▶ RAISE | P/L: -3.0BB | VPIP: 22.7%
[  520] SB  | 6d 8d (86s ) | Eq: 44.2% |   ---   | ▶ FOLD  |  0.0BB | VPIP: 22.7%
[  521] BTN | 7c Kd (K7o ) | Eq: 48.5% |   ---   | ▶ FOLD  |  0.0BB | VPIP: 22.6%
[  522] UTG | 6s 6c (66  ) | Eq: 63.4% | PO:25.7% | ▶ RAISE | P/L: -3.0BB | VPIP: 22.8%
[  523] BB  | Qc 6d (Q6o ) | Eq: 45.7% |   ---   | ▶ FOLD  |  0.0BB | VPIP: 22.8%
[  524] BB  | Ts Ah (ATo ) | Eq: 59.6% | PO:20.3% | ▶ RAISE | P/L: +3.5BB | VPIP: 22.9%
[  525] CO  | 7s 6d (76o ) | Eq: 42.5% |   ---   | ▶ FOLD  |  0.0BB | VPIP: 22.9%
[  526] UTG | 3c 3s (33  ) | Eq: 56.0% |   ---   | ▶ FOLD  |  0.0BB | VPIP: 22.8%
[  527] SB  | 6d 6h (66  ) | Eq: 60.5% | PO:27.8% | ▶ RAISE | P/L: -3.0BB | VPIP: 23.0%
[  528] BB  | 6d Ad (A6s ) | Eq: 55.9% | PO:30.7% | ▶ RAISE | P/L: -3.0BB | VPIP: 23.1%
[  529] SB  | Jh 4h (J4s ) | Eq: 43.8% |   ---   | ▶ FOLD  |  0.0BB | VPIP: 23.1%
[  530] BTN | 7h As (A7o ) | Eq: 56.9% |   ---   | ▶ FOLD  |  0.0BB | VPIP: 23.0%
[  531] CO  | 2d 5s (52o ) | Eq: 34.9% |   ---   | ▶ FOLD  |  0.0BB | VPIP: 23.0%
[  532] BB  | 2s 8h (82o ) | Eq: 37.5% |   ---   | ▶ FOLD  |  0.0BB | VPIP: 22.9%
[  533] BB  | 8s 2s (82s ) | Eq: 39.6% |   ---   | ▶ FOLD  |  0.0BB | VPIP: 22.9%
[  534] SB  | Ac 9s (A9o ) | Eq: 60.7% |   ---   | ▶ FOLD  |  0.0BB | VPIP: 22.8%
[  535] BTN | 4d 4h (44  ) | Eq: 54.1% | PO:27.8% | ▶ RAISE | P/L: -3.0BB | VPIP: 23.0%
[  536] BB  | Ac 9h (A9o ) | Eq: 62.0% |   ---   | ▶ FOLD  |  0.0BB | VPIP: 22.9%
[  537] BTN | 3d Tc (T3o ) | Eq: 37.9% |   ---   | ▶ FOLD  |  0.0BB | VPIP: 22.9%
[  538] UTG | Ac Tc (ATs ) | Eq: 61.2% | PO:33.7% | ▶ RAISE | P/L: +3.5BB | VPIP: 23.0%
[  539] HJ  | 9s Ad (A9o ) | Eq: 56.6% |   ---   | ▶ FOLD  |  0.0BB | VPIP: 23.0%
[  540] BTN | Kd Ts (KTo ) | Eq: 55.1% | PO:33.4% | ▶ RAISE | P/L: -3.0BB | VPIP: 23.1%
[  541] UTG | 5h 8s (85o ) | Eq: 41.8% |   ---   | ▶ FOLD  |  0.0BB | VPIP: 23.1%
[  542] HJ  | Td Ks (KTo ) | Eq: 56.3% |   ---   | ▶ FOLD  |  0.0BB | VPIP: 23.1%
[  543] UTG | 4h 6h (64s ) | Eq: 36.9% |   ---   | ▶ FOLD  |  0.0BB | VPIP: 23.0%
[  544] CO  | 7s 7c (77  ) | Eq: 61.2% | PO:28.5% | ▶ RAISE | P/L: -3.0BB | VPIP: 23.2%
[  545] BB  | Qc 6s (Q6o ) | Eq: 46.5% |   ---   | ▶ FOLD  |  0.0BB | VPIP: 23.1%
[  546] CO  | Jh 9s (J9o ) | Eq: 52.5% |   ---   | ▶ FOLD  |  0.0BB | VPIP: 23.1%
[  547] UTG | Ac 8c (A8s ) | Eq: 58.0% | PO:28.2% | ▶ RAISE | P/L: +3.5BB | VPIP: 23.2%
[  548] UTG | 8h 5h (85s ) | Eq: 39.8% |   ---   | ▶ FOLD  |  0.0BB | VPIP: 23.2%
[  549] SB  | 2h 4c (42o ) | Eq: 28.3% |   ---   | ▶ FOLD  |  0.0BB | VPIP: 23.1%
[  550] BTN | 2h 8c (82o ) | Eq: 37.1% |   ---   | ▶ FOLD  |  0.0BB | VPIP: 23.1%
[  551] CO  | Qd 8h (Q8o ) | Eq: 47.1% |   ---   | ▶ FOLD  |  0.0BB | VPIP: 23.0%
[  552] HJ  | 5d 4d (54s ) | Eq: 38.7% |   ---   | ▶ FOLD  |  0.0BB | VPIP: 23.0%
[  553] CO  | 5s 8d (85o ) | Eq: 42.7% |   ---   | ▶ FOLD  |  0.0BB | VPIP: 23.0%
[  554] BTN | Ac Qc (AQs ) | Eq: 65.7% | PO:23.8% | ▶ RAISE | P/L: +3.5BB | VPIP: 23.1%
[  555] CO  | Th Qs (QTo ) | Eq: 49.7% | PO:19.2% | ▶ RAISE | P/L: -3.0BB | VPIP: 23.2%
[  556] UTG | Qs 9h (Q9o ) | Eq: 49.3% |   ---   | ▶ FOLD  |  0.0BB | VPIP: 23.2%
[  557] BTN | 7c 3s (73o ) | Eq: 38.5% |   ---   | ▶ FOLD  |  0.0BB | VPIP: 23.2%
[  558] BTN | 4d Qc (Q4o ) | Eq: 45.3% |   ---   | ▶ FOLD  |  0.0BB | VPIP: 23.1%
[  559] UTG | 5c Jd (J5o ) | Eq: 44.4% |   ---   | ▶ FOLD  |  0.0BB | VPIP: 23.1%
[  560] CO  | 8s Qd (Q8o ) | Eq: 45.6% |   ---   | ▶ FOLD  |  0.0BB | VPIP: 23.0%
[  561] CO  | 2d Th (T2o ) | Eq: 43.5% |   ---   | ▶ FOLD  |  0.0BB | VPIP: 23.0%
[  562] BB  | 2h 6s (62o ) | Eq: 36.7% |   ---   | ▶ FOLD  |  0.0BB | VPIP: 23.0%
[  563] HJ  | 4d 2d (42s ) | Eq: 37.0% |   ---   | ▶ FOLD  |  0.0BB | VPIP: 22.9%
[  564] HJ  | Ts Ac (ATo ) | Eq: 60.1% | PO:27.3% | ▶ RAISE | P/L: -3.0BB | VPIP: 23.0%
[  565] SB  | 3s 8s (83s ) | Eq: 36.6% |   ---   | ▶ FOLD  |  0.0BB | VPIP: 23.0%
[  566] HJ  | 3d 8s (83o ) | Eq: 33.5% |   ---   | ▶ FOLD  |  0.0BB | VPIP: 23.0%
[  567] HJ  | Th Ts (TT  ) | Eq: 77.0% | PO:34.1% | ▶ RAISE | P/L: +3.5BB | VPIP: 23.1%
[  568] BB  | 5d Ad (A5s ) | Eq: 54.4% | PO:31.7% | ▶ CALL  | P/L: +2.0BB | VPIP: 23.2%
[  569] HJ  | 6s 5s (65s ) | Eq: 40.7% |   ---   | ▶ FOLD  |  0.0BB | VPIP: 23.2%
[  570] BB  | Jd Qd (QJs ) | Eq: 56.6% | PO:24.5% | ▶ RAISE | P/L: +3.5BB | VPIP: 23.3%
[  571] BB  | Ad 5h (A5o ) | Eq: 52.6% |   ---   | ▶ FOLD  |  0.0BB | VPIP: 23.3%
[  572] SB  | Qh Jh (QJs ) | Eq: 59.3% | PO:34.8% | ▶ RAISE | P/L: -3.0BB | VPIP: 23.4%
[  573] BB  | 9h 2h (92s ) | Eq: 37.7% |   ---   | ▶ FOLD  |  0.0BB | VPIP: 23.4%
[  574] UTG | 2s 5c (52o ) | Eq: 34.4% |   ---   | ▶ FOLD  |  0.0BB | VPIP: 23.3%
[  575] BB  | 7d 3d (73s ) | Eq: 38.5% |   ---   | ▶ FOLD  |  0.0BB | VPIP: 23.3%
[  576] BB  | Jh 6c (J6o ) | Eq: 48.1% |   ---   | ▶ FOLD  |  0.0BB | VPIP: 23.3%
[  577] SB  | Ad 4s (A4o ) | Eq: 50.1% |   ---   | ▶ FOLD  |  0.0BB | VPIP: 23.2%
[  578] CO  | Th 3d (T3o ) | Eq: 44.2% |   ---   | ▶ FOLD  |  0.0BB | VPIP: 23.2%
[  579] HJ  | 8h 7d (87o ) | Eq: 43.2% |   ---   | ▶ FOLD  |  0.0BB | VPIP: 23.1%
[  580] HJ  | Tc 3h (T3o ) | Eq: 44.5% |   ---   | ▶ FOLD  |  0.0BB | VPIP: 23.1%
[  581] CO  | Ad Th (ATo ) | Eq: 60.4% | PO:30.5% | ▶ RAISE | P/L: +3.5BB | VPIP: 23.2%
[  582] UTG | Kd 5h (K5o ) | Eq: 47.2% |   ---   | ▶ FOLD  |  0.0BB | VPIP: 23.2%
[  583] UTG | Jc 7c (J7s ) | Eq: 48.1% |   ---   | ▶ FOLD  |  0.0BB | VPIP: 23.2%
[  584] CO  | 9c Jh (J9o ) | Eq: 46.7% |   ---   | ▶ FOLD  |  0.0BB | VPIP: 23.1%
[  585] BB  | 5c Qd (Q5o ) | Eq: 49.5% |   ---   | ▶ FOLD  |  0.0BB | VPIP: 23.1%
[  586] HJ  | 6c Ad (A6o ) | Eq: 56.5% |   ---   | ▶ FOLD  |  0.0BB | VPIP: 23.0%
[  587] SB  | 8s Ac (A8o ) | Eq: 56.1% |   ---   | ▶ FOLD  |  0.0BB | VPIP: 23.0%
[  588] BB  | 5s 7h (75o ) | Eq: 35.1% |   ---   | ▶ FOLD  |  0.0BB | VPIP: 23.0%
[  589] BTN | Th 2h (T2s ) | Eq: 42.4% |   ---   | ▶ FOLD  |  0.0BB | VPIP: 22.9%
[  590] BTN | 4s 8s (84s ) | Eq: 39.7% |   ---   | ▶ FOLD  |  0.0BB | VPIP: 22.9%
[  591] BTN | 3c Ad (A3o ) | Eq: 54.0% |   ---   | ▶ FOLD  |  0.0BB | VPIP: 22.8%
[  592] BTN | 2d Tc (T2o ) | Eq: 41.8% |   ---   | ▶ FOLD  |  0.0BB | VPIP: 22.8%
[  593] CO  | 8h 6h (86s ) | Eq: 45.1% |   ---   | ▶ FOLD  |  0.0BB | VPIP: 22.8%
[  594] BTN | 2s Jd (J2o ) | Eq: 44.2% |   ---   | ▶ FOLD  |  0.0BB | VPIP: 22.7%
[  595] UTG | 5c As (A5o ) | Eq: 52.6% |   ---   | ▶ FOLD  |  0.0BB | VPIP: 22.7%
[  596] SB  | 3d 6s (63o ) | Eq: 36.2% |   ---   | ▶ FOLD  |  0.0BB | VPIP: 22.7%
[  597] BB  | Kd 4s (K4o ) | Eq: 45.9% |   ---   | ▶ FOLD  |  0.0BB | VPIP: 22.6%
[  598] UTG | 7c 9d (97o ) | Eq: 43.4% |   ---   | ▶ FOLD  |  0.0BB | VPIP: 22.6%
[  599] BB  | 6c 8d (86o ) | Eq: 43.7% |   ---   | ▶ FOLD  |  0.0BB | VPIP: 22.5%
[  600] CO  | Js 5h (J5o ) | Eq: 48.7% |   ---   | ▶ FOLD  |  0.0BB | VPIP: 22.5%

━━━━━━━━━━━━━━━━━━━━━━━━━━━━━━━━━━━━━━━━━━━━━━━━━━━━━━━━━━━━━━━━━━━━━━━━
📊 REPORT @ 600 MANI
━━━━━━━━━━━━━━━━━━━━━━━━━━━━━━━━━━━━━━━━━━━━━━━━━━━━━━━━━━━━━━━━━━━━━━━━
  Mani giocate:    600
  VPIP medio:      22.5% ✅  (teorico: 21.3%)
  Profit netto:    +85.0 BB
  BB/100 mani:     +14.2
  Azioni:  Raise: 119  |  Call: 16  |  Fold: 465
━━━━━━━━━━━━━━━━━━━━━━━━━━━━━━━━━━━━━━━━━━━━━━━━━━━━━━━━━━━━━━━━━━━━━━━━
[  601] UTG | 3d Jd (J3s ) | Eq: 44.7% |   ---   | ▶ FOLD  |  0.0BB | VPIP: 22.5%
[  602] UTG | 7s Js (J7s ) | Eq: 47.0% |   ---   | ▶ FOLD  |  0.0BB | VPIP: 22.4%
[  603] UTG | 5h 3c (53o ) | Eq: 31.8% |   ---   | ▶ FOLD  |  0.0BB | VPIP: 22.4%
[  604] SB  | 7s 2d (72o ) | Eq: 35.1% |   ---   | ▶ FOLD  |  0.0BB | VPIP: 22.4%
[  605] HJ  | Qh 6h (Q6s ) | Eq: 50.5% |   ---   | ▶ FOLD  |  0.0BB | VPIP: 22.3%
[  606] UTG | 3h Ah (A3s ) | Eq: 56.3% | PO:18.8% | ▶ RAISE | P/L: -3.0BB | VPIP: 22.4%
[  607] SB  | 5d Th (T5o ) | Eq: 40.9% |   ---   | ▶ FOLD  |  0.0BB | VPIP: 22.4%
[  608] SB  | 7d Ks (K7o ) | Eq: 52.3% |   ---   | ▶ FOLD  |  0.0BB | VPIP: 22.4%
[  609] BB  | Td 6d (T6s ) | Eq: 50.8% |   ---   | ▶ FOLD  |  0.0BB | VPIP: 22.3%
[  610] BB  | 5s 2h (52o ) | Eq: 33.6% |   ---   | ▶ FOLD  |  0.0BB | VPIP: 22.3%
[  611] SB  | 4s Jc (J4o ) | Eq: 47.8% |   ---   | ▶ FOLD  |  0.0BB | VPIP: 22.3%
[  612] HJ  | 2s 5c (52o ) | Eq: 32.2% |   ---   | ▶ FOLD  |  0.0BB | VPIP: 22.2%
[  613] CO  | 3s Ts (T3s ) | Eq: 42.3% |   ---   | ▶ FOLD  |  0.0BB | VPIP: 22.2%
[  614] SB  | Kd Jd (KJs ) | Eq: 55.0% | PO:31.4% | ▶ CALL  | P/L: +2.0BB | VPIP: 22.3%
[  615] HJ  | Td 8s (T8o ) | Eq: 44.0% |   ---   | ▶ FOLD  |  0.0BB | VPIP: 22.3%
[  616] BB  | 5s 7d (75o ) | Eq: 37.2% |   ---   | ▶ FOLD  |  0.0BB | VPIP: 22.2%
[  617] BB  | 3d 9d (93s ) | Eq: 42.1% |   ---   | ▶ FOLD  |  0.0BB | VPIP: 22.2%
[  618] SB  | 4s 7h (74o ) | Eq: 35.2% |   ---   | ▶ FOLD  |  0.0BB | VPIP: 22.2%
[  619] SB  | 6h 4s (64o ) | Eq: 35.2% |   ---   | ▶ FOLD  |  0.0BB | VPIP: 22.1%
[  620] CO  | 6d 7s (76o ) | Eq: 44.3% |   ---   | ▶ FOLD  |  0.0BB | VPIP: 22.1%
[  621] SB  | Qs 3d (Q3o ) | Eq: 40.7% |   ---   | ▶ FOLD  |  0.0BB | VPIP: 22.1%
[  622] CO  | Ad 7c (A7o ) | Eq: 57.9% |   ---   | ▶ FOLD  |  0.0BB | VPIP: 22.0%
[  623] BTN | 5s Ks (K5s ) | Eq: 51.2% |   ---   | ▶ FOLD  |  0.0BB | VPIP: 22.0%
[  624] BB  | 4s As (A4s ) | Eq: 55.5% | PO:18.6% | ▶ RAISE | P/L: +3.5BB | VPIP: 22.1%
[  625] CO  | Kc Th (KTo ) | Eq: 54.7% | PO:26.4% | ▶ RAISE | P/L: +3.5BB | VPIP: 22.2%
[  626] UTG | 3c Qs (Q3o ) | Eq: 40.6% |   ---   | ▶ FOLD  |  0.0BB | VPIP: 22.2%
[  627] SB  | As 5h (A5o ) | Eq: 55.2% |   ---   | ▶ FOLD  |  0.0BB | VPIP: 22.2%
[  628] BB  | 2h Jc (J2o ) | Eq: 39.8% |   ---   | ▶ FOLD  |  0.0BB | VPIP: 22.1%
[  629] BB  | Qh 7s (Q7o ) | Eq: 44.8% |   ---   | ▶ FOLD  |  0.0BB | VPIP: 22.1%
[  630] UTG | Tc 7h (T7o ) | Eq: 44.7% |   ---   | ▶ FOLD  |  0.0BB | VPIP: 22.1%
[  631] HJ  | Th 5h (T5s ) | Eq: 45.4% |   ---   | ▶ FOLD  |  0.0BB | VPIP: 22.0%
[  632] CO  | Qh 9s (Q9o ) | Eq: 49.3% |   ---   | ▶ FOLD  |  0.0BB | VPIP: 22.0%
[  633] UTG | 5h 7c (75o ) | Eq: 41.6% |   ---   | ▶ FOLD  |  0.0BB | VPIP: 22.0%
[  634] CO  | 8c 5h (85o ) | Eq: 40.3% |   ---   | ▶ FOLD  |  0.0BB | VPIP: 21.9%
[  635] CO  | 3d 8d (83s ) | Eq: 36.6% |   ---   | ▶ FOLD  |  0.0BB | VPIP: 21.9%
[  636] HJ  | 5c 2h (52o ) | Eq: 32.9% |   ---   | ▶ FOLD  |  0.0BB | VPIP: 21.9%
[  637] BB  | 3h Tc (T3o ) | Eq: 41.1% |   ---   | ▶ FOLD  |  0.0BB | VPIP: 21.8%
[  638] BB  | 7c As (A7o ) | Eq: 57.9% |   ---   | ▶ FOLD  |  0.0BB | VPIP: 21.8%
[  639] BB  | 3d Ad (A3s ) | Eq: 57.3% | PO:29.6% | ▶ RAISE | P/L: -3.0BB | VPIP: 21.9%
[  640] SB  | 6d 5c (65o ) | Eq: 40.8% |   ---   | ▶ FOLD  |  0.0BB | VPIP: 21.9%
[  641] HJ  | 2h Ts (T2o ) | Eq: 42.1% |   ---   | ▶ FOLD  |  0.0BB | VPIP: 21.8%
[  642] SB  | Tc 3c (T3s ) | Eq: 43.7% |   ---   | ▶ FOLD  |  0.0BB | VPIP: 21.8%
[  643] BTN | Kd 2c (K2o ) | Eq: 47.0% |   ---   | ▶ FOLD  |  0.0BB | VPIP: 21.8%
[  644] UTG | 8h 6d (86o ) | Eq: 39.4% |   ---   | ▶ FOLD  |  0.0BB | VPIP: 21.7%
[  645] SB  | 2c Qc (Q2s ) | Eq: 45.5% |   ---   | ▶ FOLD  |  0.0BB | VPIP: 21.7%
[  646] BTN | Ah 9d (A9o ) | Eq: 55.2% | PO:22.5% | ▶ RAISE | P/L: -3.0BB | VPIP: 21.8%
[  647] BB  | 9s 4s (94s ) | Eq: 40.6% |   ---   | ▶ FOLD  |  0.0BB | VPIP: 21.8%
[  648] UTG | 4s Kh (K4o ) | Eq: 48.2% |   ---   | ▶ FOLD  |  0.0BB | VPIP: 21.8%
[  649] HJ  | 9d 4s (94o ) | Eq: 43.7% |   ---   | ▶ FOLD  |  0.0BB | VPIP: 21.7%
[  650] SB  | Js Qd (QJo ) | Eq: 54.8% | PO:24.0% | ▶ CALL  | P/L: -2.0BB | VPIP: 21.8%
[  651] BB  | Kh 7d (K7o ) | Eq: 50.4% |   ---   | ▶ FOLD  |  0.0BB | VPIP: 21.8%
[  652] SB  | 6c Kd (K6o ) | Eq: 50.9% |   ---   | ▶ FOLD  |  0.0BB | VPIP: 21.8%
[  653] CO  | 8s Jh (J8o ) | Eq: 50.4% |   ---   | ▶ FOLD  |  0.0BB | VPIP: 21.7%
[  654] BTN | 2s Qs (Q2s ) | Eq: 43.6% |   ---   | ▶ FOLD  |  0.0BB | VPIP: 21.7%
[  655] SB  | Th 5c (T5o ) | Eq: 46.9% |   ---   | ▶ FOLD  |  0.0BB | VPIP: 21.7%
[  656] BB  | 3s Th (T3o ) | Eq: 37.4% |   ---   | ▶ FOLD  |  0.0BB | VPIP: 21.6%
[  657] BTN | 8d Js (J8o ) | Eq: 51.0% |   ---   | ▶ FOLD  |  0.0BB | VPIP: 21.6%
[  658] CO  | 6d Qd (Q6s ) | Eq: 54.1% |   ---   | ▶ FOLD  |  0.0BB | VPIP: 21.6%
[  659] HJ  | As 4c (A4o ) | Eq: 53.5% |   ---   | ▶ FOLD  |  0.0BB | VPIP: 21.5%
[  660] BB  | 6c Ks (K6o ) | Eq: 45.9% |   ---   | ▶ FOLD  |  0.0BB | VPIP: 21.5%
[  661] BTN | 7s Ah (A7o ) | Eq: 57.0% |   ---   | ▶ FOLD  |  0.0BB | VPIP: 21.5%
[  662] SB  | 3s Kd (K3o ) | Eq: 48.8% |   ---   | ▶ FOLD  |  0.0BB | VPIP: 21.5%
[  663] CO  | 4d 2d (42s ) | Eq: 36.0% |   ---   | ▶ FOLD  |  0.0BB | VPIP: 21.4%
[  664] BTN | Jc 8c (J8s ) | Eq: 53.2% | PO:29.3% | ▶ RAISE | P/L: -3.0BB | VPIP: 21.5%
[  665] CO  | 2d 6h (62o ) | Eq: 35.7% |   ---   | ▶ FOLD  |  0.0BB | VPIP: 21.5%
[  666] HJ  | Jh 7s (J7o ) | Eq: 49.2% |   ---   | ▶ FOLD  |  0.0BB | VPIP: 21.5%
[  667] SB  | 7c Ah (A7o ) | Eq: 55.5% |   ---   | ▶ FOLD  |  0.0BB | VPIP: 21.4%
[  668] HJ  | 6c 6d (66  ) | Eq: 64.0% | PO:27.9% | ▶ RAISE | P/L: +3.5BB | VPIP: 21.6%
[  669] BTN | Ah Jd (AJo ) | Eq: 57.2% | PO:32.5% | ▶ RAISE | P/L: -3.0BB | VPIP: 21.7%
[  670] BB  | 7c 8h (87o ) | Eq: 42.9% |   ---   | ▶ FOLD  |  0.0BB | VPIP: 21.6%
[  671] BTN | Td Kd (KTs ) | Eq: 59.4% | PO:30.5% | ▶ RAISE | P/L: +3.5BB | VPIP: 21.8%
[  672] BTN | 7h Jc (J7o ) | Eq: 45.3% |   ---   | ▶ FOLD  |  0.0BB | VPIP: 21.7%
[  673] SB  | 6h As (A6o ) | Eq: 56.8% |   ---   | ▶ FOLD  |  0.0BB | VPIP: 21.7%
[  674] BTN | 3d Td (T3s ) | Eq: 42.2% |   ---   | ▶ FOLD  |  0.0BB | VPIP: 21.7%
[  675] SB  | 6s 7d (76o ) | Eq: 43.9% |   ---   | ▶ FOLD  |  0.0BB | VPIP: 21.6%
[  676] SB  | 4s 9h (94o ) | Eq: 36.8% |   ---   | ▶ FOLD  |  0.0BB | VPIP: 21.6%
[  677] UTG | Jc 7d (J7o ) | Eq: 48.8% |   ---   | ▶ FOLD  |  0.0BB | VPIP: 21.6%
[  678] BTN | Ks 9c (K9o ) | Eq: 50.1% |   ---   | ▶ FOLD  |  0.0BB | VPIP: 21.5%
[  679] BB  | Qs 2h (Q2o ) | Eq: 44.1% |   ---   | ▶ FOLD  |  0.0BB | VPIP: 21.5%
[  680] BTN | Th 3s (T3o ) | Eq: 40.2% |   ---   | ▶ FOLD  |  0.0BB | VPIP: 21.5%
[  681] BTN | Ts 4d (T4o ) | Eq: 43.6% |   ---   | ▶ FOLD  |  0.0BB | VPIP: 21.4%
[  682] HJ  | 7c Jd (J7o ) | Eq: 44.2% |   ---   | ▶ FOLD  |  0.0BB | VPIP: 21.4%
[  683] SB  | Jd 9s (J9o ) | Eq: 48.0% |   ---   | ▶ FOLD  |  0.0BB | VPIP: 21.4%
[  684] SB  | 9s 4h (94o ) | Eq: 40.8% |   ---   | ▶ FOLD  |  0.0BB | VPIP: 21.3%
[  685] BB  | 5h 2d (52o ) | Eq: 33.9% |   ---   | ▶ FOLD  |  0.0BB | VPIP: 21.3%
[  686] BB  | 4h 5h (54s ) | Eq: 36.2% |   ---   | ▶ FOLD  |  0.0BB | VPIP: 21.3%
[  687] HJ  | 4c Jd (J4o ) | Eq: 40.6% |   ---   | ▶ FOLD  |  0.0BB | VPIP: 21.3%
[  688] BTN | Ks Qs (KQs ) | Eq: 65.0% | PO:28.6% | ▶ RAISE | P/L: +3.5BB | VPIP: 21.4%
[  689] CO  | 3s 3h (33  ) | Eq: 56.3% | PO:20.2% | ▶ RAISE | P/L: -3.0BB | VPIP: 21.5%
[  690] BB  | 6h 4s (64o ) | Eq: 36.0% |   ---   | ▶ FOLD  |  0.0BB | VPIP: 21.4%
[  691] BB  | As 7d (A7o ) | Eq: 53.8% |   ---   | ▶ FOLD  |  0.0BB | VPIP: 21.4%
[  692] BTN | 4h As (A4o ) | Eq: 55.4% |   ---   | ▶ FOLD  |  0.0BB | VPIP: 21.4%
[  693] HJ  | 2s 7d (72o ) | Eq: 31.6% |   ---   | ▶ FOLD  |  0.0BB | VPIP: 21.4%
[  694] HJ  | 2c 6s (62o ) | Eq: 34.4% |   ---   | ▶ FOLD  |  0.0BB | VPIP: 21.3%
[  695] SB  | 5d Qd (Q5s ) | Eq: 49.8% |   ---   | ▶ FOLD  |  0.0BB | VPIP: 21.3%
[  696] HJ  | 5c 8d (85o ) | Eq: 35.5% |   ---   | ▶ FOLD  |  0.0BB | VPIP: 21.3%
[  697] BB  | 9c 8d (98o ) | Eq: 44.2% |   ---   | ▶ FOLD  |  0.0BB | VPIP: 21.2%
[  698] BTN | Kd Ks (KK  ) | Eq: 78.6% | PO:19.9% | ▶ RAISE | P/L: +3.5BB | VPIP: 21.3%
[  699] BB  | 6c 9d (96o ) | Eq: 44.1% |   ---   | ▶ FOLD  |  0.0BB | VPIP: 21.3%
[  700] UTG | 8d 3h (83o ) | Eq: 34.9% |   ---   | ▶ FOLD  |  0.0BB | VPIP: 21.3%
[  701] UTG | Jc 9d (J9o ) | Eq: 52.7% |   ---   | ▶ FOLD  |  0.0BB | VPIP: 21.3%
[  702] BTN | Ah Kc (AKo ) | Eq: 69.2% | PO:23.8% | ▶ RAISE | P/L: -3.0BB | VPIP: 21.4%
[  703] HJ  | 7d 8s (87o ) | Eq: 46.2% |   ---   | ▶ FOLD  |  0.0BB | VPIP: 21.3%
[  704] BB  | 6s Ac (A6o ) | Eq: 53.9% |   ---   | ▶ FOLD  |  0.0BB | VPIP: 21.3%
[  705] HJ  | Ad 4h (A4o ) | Eq: 53.0% |   ---   | ▶ FOLD  |  0.0BB | VPIP: 21.3%
[  706] HJ  | 5s 7h (75o ) | Eq: 39.3% |   ---   | ▶ FOLD  |  0.0BB | VPIP: 21.2%
[  707] SB  | Jh Jc (JJ  ) | Eq: 76.7% | PO:26.3% | ▶ RAISE | P/L: -3.0BB | VPIP: 21.4%
[  708] UTG | Ts 7h (T7o ) | Eq: 41.3% |   ---   | ▶ FOLD  |  0.0BB | VPIP: 21.3%
[  709] UTG | Jc Ac (AJs ) | Eq: 64.3% | PO:28.8% | ▶ RAISE | P/L: +3.5BB | VPIP: 21.4%
[  710] UTG | 7s Ts (T7s ) | Eq: 50.4% |   ---   | ▶ FOLD  |  0.0BB | VPIP: 21.4%
[  711] HJ  | 3d 4s (43o ) | Eq: 30.2% |   ---   | ▶ FOLD  |  0.0BB | VPIP: 21.4%
[  712] CO  | Jh Qh (QJs ) | Eq: 57.3% | PO:24.4% | ▶ RAISE | P/L: +3.5BB | VPIP: 21.5%
[  713] UTG | Qd Kc (KQo ) | Eq: 59.3% | PO:33.8% | ▶ RAISE | P/L: -3.0BB | VPIP: 21.6%
[  714] SB  | Th 9s (T9o ) | Eq: 48.0% |   ---   | ▶ FOLD  |  0.0BB | VPIP: 21.6%
[  715] BTN | As Kh (AKo ) | Eq: 64.6% | PO:31.2% | ▶ RAISE | P/L: -3.0BB | VPIP: 21.7%
[  716] BB  | 4s Ks (K4s ) | Eq: 54.0% |   ---   | ▶ FOLD  |  0.0BB | VPIP: 21.6%
[  717] BTN | Td Tc (TT  ) | Eq: 77.2% | PO:29.2% | ▶ RAISE | P/L: +3.5BB | VPIP: 21.8%
[  718] UTG | Ac 6d (A6o ) | Eq: 56.7% |   ---   | ▶ FOLD  |  0.0BB | VPIP: 21.7%
[  719] CO  | 2d Ad (A2s ) | Eq: 56.5% | PO:27.1% | ▶ RAISE | P/L: -3.0BB | VPIP: 21.8%
[  720] CO  | 7c 4h (74o ) | Eq: 37.8% |   ---   | ▶ FOLD  |  0.0BB | VPIP: 21.8%
[  721] BTN | 2h 9s (92o ) | Eq: 41.1% |   ---   | ▶ FOLD  |  0.0BB | VPIP: 21.8%
[  722] BB  | 6h 7d (76o ) | Eq: 38.3% |   ---   | ▶ FOLD  |  0.0BB | VPIP: 21.7%
[  723] BB  | 9d Js (J9o ) | Eq: 48.9% |   ---   | ▶ FOLD  |  0.0BB | VPIP: 21.7%
[  724] BTN | 8s 7d (87o ) | Eq: 41.1% |   ---   | ▶ FOLD  |  0.0BB | VPIP: 21.7%
[  725] UTG | 6c Ac (A6s ) | Eq: 54.5% | PO:31.4% | ▶ CALL  | P/L: -2.0BB | VPIP: 21.8%
[  726] BTN | 2h 7d (72o ) | Eq: 36.5% |   ---   | ▶ FOLD  |  0.0BB | VPIP: 21.8%
[  727] BB  | Jh 2s (J2o ) | Eq: 39.2% |   ---   | ▶ FOLD  |  0.0BB | VPIP: 21.7%
[  728] SB  | Qs 2s (Q2s ) | Eq: 47.5% |   ---   | ▶ FOLD  |  0.0BB | VPIP: 21.7%
[  729] HJ  | 8s Kc (K8o ) | Eq: 53.9% |   ---   | ▶ FOLD  |  0.0BB | VPIP: 21.7%
[  730] CO  | 8d As (A8o ) | Eq: 54.8% |   ---   | ▶ FOLD  |  0.0BB | VPIP: 21.6%
[  731] HJ  | Ac 3c (A3s ) | Eq: 56.5% | PO:27.1% | ▶ RAISE | P/L: +3.5BB | VPIP: 21.8%
[  732] BTN | Jc 2h (J2o ) | Eq: 45.0% |   ---   | ▶ FOLD  |  0.0BB | VPIP: 21.7%
[  733] CO  | Kd 4s (K4o ) | Eq: 44.3% |   ---   | ▶ FOLD  |  0.0BB | VPIP: 21.7%
[  734] HJ  | 5s 5h (55  ) | Eq: 56.7% | PO:23.7% | ▶ RAISE | P/L: +3.5BB | VPIP: 21.8%
[  735] UTG | 3s 3h (33  ) | Eq: 51.6% |   ---   | ▶ FOLD  |  0.0BB | VPIP: 21.8%
[  736] HJ  | Js 5c (J5o ) | Eq: 48.6% |   ---   | ▶ FOLD  |  0.0BB | VPIP: 21.7%
[  737] CO  | 5c 3c (53s ) | Eq: 33.2% |   ---   | ▶ FOLD  |  0.0BB | VPIP: 21.7%
[  738] BB  | 7s Ac (A7o ) | Eq: 54.5% |   ---   | ▶ FOLD  |  0.0BB | VPIP: 21.7%
[  739] SB  | 3c 3d (33  ) | Eq: 55.7% | PO:29.0% | ▶ RAISE | P/L: -3.0BB | VPIP: 21.8%
[  740] SB  | 5c 8c (85s ) | Eq: 41.1% |   ---   | ▶ FOLD  |  0.0BB | VPIP: 21.8%
[  741] BTN | Ad Kh (AKo ) | Eq: 65.5% | PO:29.6% | ▶ RAISE | P/L: +3.5BB | VPIP: 21.9%
[  742] CO  | 3h 3c (33  ) | Eq: 51.5% | PO:19.1% | ▶ RAISE | P/L: -3.0BB | VPIP: 22.0%
[  743] SB  | Kd 3s (K3o ) | Eq: 46.5% |   ---   | ▶ FOLD  |  0.0BB | VPIP: 21.9%
[  744] CO  | 2h 9s (92o ) | Eq: 40.5% |   ---   | ▶ FOLD  |  0.0BB | VPIP: 21.9%
[  745] UTG | 7h 3c (73o ) | Eq: 38.7% |   ---   | ▶ FOLD  |  0.0BB | VPIP: 21.9%
[  746] HJ  | 9c 2s (92o ) | Eq: 39.3% |   ---   | ▶ FOLD  |  0.0BB | VPIP: 21.8%
[  747] BTN | Jc 8c (J8s ) | Eq: 47.9% | PO:29.0% | ▶ CALL  | P/L: +2.0BB | VPIP: 22.0%
[  748] SB  | 7h Qh (Q7s ) | Eq: 50.3% | PO:24.9% | ▶ CALL  | P/L: -2.0BB | VPIP: 22.1%
[  749] BB  | 2d 6d (62s ) | Eq: 34.6% |   ---   | ▶ FOLD  |  0.0BB | VPIP: 22.0%
[  750] HJ  | Kh 3s (K3o ) | Eq: 45.2% |   ---   | ▶ FOLD  |  0.0BB | VPIP: 22.0%
[  751] CO  | 5c 7h (75o ) | Eq: 34.9% |   ---   | ▶ FOLD  |  0.0BB | VPIP: 22.0%
[  752] UTG | 5h 2s (52o ) | Eq: 30.7% |   ---   | ▶ FOLD  |  0.0BB | VPIP: 21.9%
[  753] CO  | Kh 3c (K3o ) | Eq: 42.9% |   ---   | ▶ FOLD  |  0.0BB | VPIP: 21.9%
[  754] HJ  | 4c 8d (84o ) | Eq: 39.9% |   ---   | ▶ FOLD  |  0.0BB | VPIP: 21.9%
[  755] UTG | 4c Qd (Q4o ) | Eq: 48.2% |   ---   | ▶ FOLD  |  0.0BB | VPIP: 21.9%
[  756] BB  | Td Jc (JTo ) | Eq: 50.0% |   ---   | ▶ FOLD  |  0.0BB | VPIP: 21.8%
[  757] CO  | 4h 5d (54o ) | Eq: 33.7% |   ---   | ▶ FOLD  |  0.0BB | VPIP: 21.8%
[  758] UTG | 4d 4s (44  ) | Eq: 59.5% |   ---   | ▶ FOLD  |  0.0BB | VPIP: 21.8%
[  759] BB  | Jh As (AJo ) | Eq: 56.5% | PO:25.2% | ▶ RAISE | P/L: -3.0BB | VPIP: 21.9%
[  760] SB  | Ts Ks (KTs ) | Eq: 57.1% | PO:26.6% | ▶ RAISE | P/L: -3.0BB | VPIP: 22.0%
[  761] HJ  | 4h Ah (A4s ) | Eq: 52.6% | PO:26.2% | ▶ CALL  | P/L: +2.0BB | VPIP: 22.1%
[  762] UTG | Qc 3h (Q3o ) | Eq: 45.4% |   ---   | ▶ FOLD  |  0.0BB | VPIP: 22.0%
[  763] HJ  | Kh 7s (K7o ) | Eq: 50.4% |   ---   | ▶ FOLD  |  0.0BB | VPIP: 22.0%
[  764] SB  | 7c 5s (75o ) | Eq: 36.8% |   ---   | ▶ FOLD  |  0.0BB | VPIP: 22.0%
[  765] HJ  | 4c Kc (K4s ) | Eq: 47.4% |   ---   | ▶ FOLD  |  0.0BB | VPIP: 22.0%
[  766] UTG | 5s Kd (K5o ) | Eq: 48.3% |   ---   | ▶ FOLD  |  0.0BB | VPIP: 21.9%
[  767] BTN | Jh 7d (J7o ) | Eq: 50.2% |   ---   | ▶ FOLD  |  0.0BB | VPIP: 21.9%
[  768] HJ  | 5d 4d (54s ) | Eq: 39.1% |   ---   | ▶ FOLD  |  0.0BB | VPIP: 21.9%
[  769] CO  | 9h Qh (Q9s ) | Eq: 55.4% | PO:30.3% | ▶ RAISE | P/L: -3.0BB | VPIP: 22.0%
[  770] HJ  | Th 6s (T6o ) | Eq: 47.1% |   ---   | ▶ FOLD  |  0.0BB | VPIP: 21.9%
[  771] HJ  | Td 3s (T3o ) | Eq: 42.0% |   ---   | ▶ FOLD  |  0.0BB | VPIP: 21.9%
[  772] HJ  | Qc 2h (Q2o ) | Eq: 46.6% |   ---   | ▶ FOLD  |  0.0BB | VPIP: 21.9%
[  773] CO  | 7c 9c (97s ) | Eq: 44.6% |   ---   | ▶ FOLD  |  0.0BB | VPIP: 21.9%
[  774] BTN | 7s Tc (T7o ) | Eq: 41.9% |   ---   | ▶ FOLD  |  0.0BB | VPIP: 21.8%
[  775] HJ  | 5h Ts (T5o ) | Eq: 41.3% |   ---   | ▶ FOLD  |  0.0BB | VPIP: 21.8%
[  776] UTG | Ks 9s (K9s ) | Eq: 56.3% |   ---   | ▶ FOLD  |  0.0BB | VPIP: 21.8%
[  777] SB  | 9c 6s (96o ) | Eq: 42.2% |   ---   | ▶ FOLD  |  0.0BB | VPIP: 21.8%
[  778] SB  | 3s 4c (43o ) | Eq: 31.9% |   ---   | ▶ FOLD  |  0.0BB | VPIP: 21.7%
[  779] UTG | 4h Qc (Q4o ) | Eq: 45.2% |   ---   | ▶ FOLD  |  0.0BB | VPIP: 21.7%
[  780] CO  | 9h 5h (95s ) | Eq: 47.2% |   ---   | ▶ FOLD  |  0.0BB | VPIP: 21.7%
[  781] CO  | Qd 6d (Q6s ) | Eq: 50.5% |   ---   | ▶ FOLD  |  0.0BB | VPIP: 21.6%
[  782] CO  | 5h Qc (Q5o ) | Eq: 46.5% |   ---   | ▶ FOLD  |  0.0BB | VPIP: 21.6%
[  783] UTG | 2d Qc (Q2o ) | Eq: 40.1% |   ---   | ▶ FOLD  |  0.0BB | VPIP: 21.6%
[  784] BB  | 6s 2d (62o ) | Eq: 36.1% |   ---   | ▶ FOLD  |  0.0BB | VPIP: 21.6%
[  785] UTG | 7d 7c (77  ) | Eq: 62.6% | PO:29.7% | ▶ RAISE | P/L: +3.5BB | VPIP: 21.7%
[  786] BTN | 4c Qs (Q4o ) | Eq: 42.4% |   ---   | ▶ FOLD  |  0.0BB | VPIP: 21.6%
[  787] SB  | 8s Qd (Q8o ) | Eq: 51.4% |   ---   | ▶ FOLD  |  0.0BB | VPIP: 21.6%
[  788] CO  | 3d 6c (63o ) | Eq: 29.9% |   ---   | ▶ FOLD  |  0.0BB | VPIP: 21.6%
[  789] BB  | 7d 5d (75s ) | Eq: 37.7% |   ---   | ▶ FOLD  |  0.0BB | VPIP: 21.5%
[  790] HJ  | Th 8c (T8o ) | Eq: 44.4% |   ---   | ▶ FOLD  |  0.0BB | VPIP: 21.5%
[  791] CO  | Ad Jh (AJo ) | Eq: 57.4% | PO:34.3% | ▶ RAISE | P/L: -3.0BB | VPIP: 21.6%
[  792] HJ  | 5h 2d (52o ) | Eq: 28.6% |   ---   | ▶ FOLD  |  0.0BB | VPIP: 21.6%
[  793] HJ  | Ad 4h (A4o ) | Eq: 54.8% |   ---   | ▶ FOLD  |  0.0BB | VPIP: 21.6%
[  794] BTN | 2h 8h (82s ) | Eq: 40.1% |   ---   | ▶ FOLD  |  0.0BB | VPIP: 21.5%
[  795] UTG | As 8d (A8o ) | Eq: 59.4% |   ---   | ▶ FOLD  |  0.0BB | VPIP: 21.5%
[  796] SB  | Ac 3d (A3o ) | Eq: 51.2% |   ---   | ▶ FOLD  |  0.0BB | VPIP: 21.5%
[  797] BTN | 9s 4d (94o ) | Eq: 43.6% |   ---   | ▶ FOLD  |  0.0BB | VPIP: 21.5%
[  798] SB  | Ac 3d (A3o ) | Eq: 52.6% |   ---   | ▶ FOLD  |  0.0BB | VPIP: 21.4%
[  799] SB  | Jc 9s (J9o ) | Eq: 47.8% |   ---   | ▶ FOLD  |  0.0BB | VPIP: 21.4%
[  800] HJ  | 4h 9h (94s ) | Eq: 40.8% |   ---   | ▶ FOLD  |  0.0BB | VPIP: 21.4%
[  801] BTN | Qc Ts (QTo ) | Eq: 50.7% | PO:20.7% | ▶ RAISE | P/L: +3.5BB | VPIP: 21.5%
[  802] SB  | 7c 8d (87o ) | Eq: 41.1% |   ---   | ▶ FOLD  |  0.0BB | VPIP: 21.4%
[  803] CO  | 6d 2s (62o ) | Eq: 33.0% |   ---   | ▶ FOLD  |  0.0BB | VPIP: 21.4%
[  804] SB  | Ks 6s (K6s ) | Eq: 51.1% |   ---   | ▶ FOLD  |  0.0BB | VPIP: 21.4%
[  805] BTN | 8s Kc (K8o ) | Eq: 47.5% |   ---   | ▶ FOLD  |  0.0BB | VPIP: 21.4%
[  806] UTG | 2s 3d (32o ) | Eq: 34.4% |   ---   | ▶ FOLD  |  0.0BB | VPIP: 21.3%
[  807] BTN | 8s Qh (Q8o ) | Eq: 49.2% |   ---   | ▶ FOLD  |  0.0BB | VPIP: 21.3%
[  808] BB  | 9h 3d (93o ) | Eq: 37.1% |   ---   | ▶ FOLD  |  0.0BB | VPIP: 21.3%
[  809] BB  | 4s 6h (64o ) | Eq: 34.4% |   ---   | ▶ FOLD  |  0.0BB | VPIP: 21.3%
[  810] SB  | Td 5c (T5o ) | Eq: 47.0% |   ---   | ▶ FOLD  |  0.0BB | VPIP: 21.2%
[  811] BTN | Tc 2h (T2o ) | Eq: 41.1% |   ---   | ▶ FOLD  |  0.0BB | VPIP: 21.2%
[  812] BTN | Ad 3s (A3o ) | Eq: 49.4% |   ---   | ▶ FOLD  |  0.0BB | VPIP: 21.2%
[  813] UTG | 6s 9h (96o ) | Eq: 44.8% |   ---   | ▶ FOLD  |  0.0BB | VPIP: 21.2%
[  814] UTG | Js Kc (KJo ) | Eq: 54.6% |   ---   | ▶ FOLD  |  0.0BB | VPIP: 21.1%
[  815] UTG | 8d 2d (82s ) | Eq: 37.5% |   ---   | ▶ FOLD  |  0.0BB | VPIP: 21.1%
[  816] SB  | 2d Kd (K2s ) | Eq: 45.1% |   ---   | ▶ FOLD  |  0.0BB | VPIP: 21.1%
[  817] CO  | 9c 8d (98o ) | Eq: 49.1% |   ---   | ▶ FOLD  |  0.0BB | VPIP: 21.1%
[  818] UTG | 9c Qd (Q9o ) | Eq: 51.1% |   ---   | ▶ FOLD  |  0.0BB | VPIP: 21.0%
[  819] SB  | Jh 2h (J2s ) | Eq: 45.7% |   ---   | ▶ FOLD  |  0.0BB | VPIP: 21.0%
[  820] BTN | Td 9h (T9o ) | Eq: 49.7% | PO:31.5% | ▶ RAISE | P/L: +3.5BB | VPIP: 21.1%
[  821] BB  | 4c As (A4o ) | Eq: 52.8% |   ---   | ▶ FOLD  |  0.0BB | VPIP: 21.1%
[  822] BTN | 6h 8s (86o ) | Eq: 45.1% |   ---   | ▶ FOLD  |  0.0BB | VPIP: 21.0%
[  823] SB  | Qs 4d (Q4o ) | Eq: 47.6% |   ---   | ▶ FOLD  |  0.0BB | VPIP: 21.0%
[  824] UTG | Qh 4h (Q4s ) | Eq: 50.7% |   ---   | ▶ FOLD  |  0.0BB | VPIP: 21.0%
[  825] CO  | Ks Jc (KJo ) | Eq: 52.1% | PO:21.1% | ▶ RAISE | P/L: -3.0BB | VPIP: 21.1%
[  826] UTG | Ts Tc (TT  ) | Eq: 70.7% | PO:24.0% | ▶ RAISE | P/L: -3.0BB | VPIP: 21.2%
[  827] BTN | 8c 9d (98o ) | Eq: 45.2% |   ---   | ▶ FOLD  |  0.0BB | VPIP: 21.2%
[  828] SB  | Jd Qh (QJo ) | Eq: 57.4% | PO:26.5% | ▶ RAISE | P/L: -3.0BB | VPIP: 21.3%
[  829] CO  | 9c Jc (J9s ) | Eq: 56.7% | PO:33.1% | ▶ RAISE | P/L: -3.0BB | VPIP: 21.4%
[  830] BTN | 9s Kh (K9o ) | Eq: 50.7% |   ---   | ▶ FOLD  |  0.0BB | VPIP: 21.3%
[  831] HJ  | 4c Qd (Q4o ) | Eq: 44.4% |   ---   | ▶ FOLD  |  0.0BB | VPIP: 21.3%
[  832] CO  | Tc 4s (T4o ) | Eq: 40.7% |   ---   | ▶ FOLD  |  0.0BB | VPIP: 21.3%
[  833] UTG | Js As (AJs ) | Eq: 63.2% | PO:32.0% | ▶ RAISE | P/L: +3.5BB | VPIP: 21.4%
[  834] SB  | 3d 2h (32o ) | Eq: 31.8% |   ---   | ▶ FOLD  |  0.0BB | VPIP: 21.3%
[  835] SB  | Qs 8c (Q8o ) | Eq: 51.8% |   ---   | ▶ FOLD  |  0.0BB | VPIP: 21.3%
[  836] HJ  | 7s Kh (K7o ) | Eq: 52.9% |   ---   | ▶ FOLD  |  0.0BB | VPIP: 21.3%
[  837] CO  | 6c 6s (66  ) | Eq: 60.4% | PO:31.3% | ▶ RAISE | P/L: -3.0BB | VPIP: 21.4%
[  838] BTN | 2d Td (T2s ) | Eq: 45.4% |   ---   | ▶ FOLD  |  0.0BB | VPIP: 21.4%
[  839] UTG | Jd Js (JJ  ) | Eq: 74.2% | PO:31.0% | ▶ RAISE | P/L: -3.0BB | VPIP: 21.5%
[  840] CO  | Qs 3c (Q3o ) | Eq: 45.4% |   ---   | ▶ FOLD  |  0.0BB | VPIP: 21.4%
[  841] HJ  | 4c 7d (74o ) | Eq: 32.7% |   ---   | ▶ FOLD  |  0.0BB | VPIP: 21.4%
[  842] BB  | Qc 9c (Q9s ) | Eq: 50.9% | PO:18.4% | ▶ CALL  | P/L: -2.0BB | VPIP: 21.5%
[  843] HJ  | 4d 8s (84o ) | Eq: 39.6% |   ---   | ▶ FOLD  |  0.0BB | VPIP: 21.5%
[  844] UTG | Kd 5h (K5o ) | Eq: 49.3% |   ---   | ▶ FOLD  |  0.0BB | VPIP: 21.4%
[  845] HJ  | 8d Ad (A8s ) | Eq: 58.7% | PO:34.5% | ▶ RAISE | P/L: +3.5BB | VPIP: 21.5%
[  846] BB  | 7d Ac (A7o ) | Eq: 59.0% |   ---   | ▶ FOLD  |  0.0BB | VPIP: 21.5%
[  847] UTG | Qh Qd (QQ  ) | Eq: 81.4% | PO:25.7% | ▶ RAISE | P/L: +3.5BB | VPIP: 21.6%
[  848] SB  | Ac Qs (AQo ) | Eq: 58.6% | PO:31.0% | ▶ RAISE | P/L: +3.5BB | VPIP: 21.7%
[  849] BB  | 2c 8s (82o ) | Eq: 36.5% |   ---   | ▶ FOLD  |  0.0BB | VPIP: 21.7%
[  850] CO  | Ts 8d (T8o ) | Eq: 46.7% |   ---   | ▶ FOLD  |  0.0BB | VPIP: 21.6%
[  851] BB  | Ad As (AA  ) | Eq: 85.6% | PO:18.4% | ▶ RAISE | P/L: +3.5BB | VPIP: 21.7%
[  852] BB  | 2c 5h (52o ) | Eq: 32.6% |   ---   | ▶ FOLD  |  0.0BB | VPIP: 21.7%
[  853] UTG | Qh 7d (Q7o ) | Eq: 45.8% |   ---   | ▶ FOLD  |  0.0BB | VPIP: 21.7%
[  854] CO  | 7h 9c (97o ) | Eq: 46.2% |   ---   | ▶ FOLD  |  0.0BB | VPIP: 21.7%
[  855] SB  | 8c Js (J8o ) | Eq: 46.4% |   ---   | ▶ FOLD  |  0.0BB | VPIP: 21.6%
[  856] SB  | Qs 5s (Q5s ) | Eq: 50.9% |   ---   | ▶ FOLD  |  0.0BB | VPIP: 21.6%
[  857] BTN | 6s Td (T6o ) | Eq: 41.7% |   ---   | ▶ FOLD  |  0.0BB | VPIP: 21.6%
[  858] SB  | 9d 3s (93o ) | Eq: 40.9% |   ---   | ▶ FOLD  |  0.0BB | VPIP: 21.6%
[  859] BB  | Jc 8s (J8o ) | Eq: 48.9% |   ---   | ▶ FOLD  |  0.0BB | VPIP: 21.5%
[  860] UTG | Kh Ac (AKo ) | Eq: 64.1% | PO:25.2% | ▶ RAISE | P/L: +3.5BB | VPIP: 21.6%
[  861] CO  | Js 4h (J4o ) | Eq: 46.8% |   ---   | ▶ FOLD  |  0.0BB | VPIP: 21.6%
[  862] BTN | 4d 9h (94o ) | Eq: 43.1% |   ---   | ▶ FOLD  |  0.0BB | VPIP: 21.6%
[  863] UTG | 3c 5s (53o ) | Eq: 32.9% |   ---   | ▶ FOLD  |  0.0BB | VPIP: 21.6%
[  864] CO  | Jc 3d (J3o ) | Eq: 42.0% |   ---   | ▶ FOLD  |  0.0BB | VPIP: 21.5%
[  865] HJ  | Qh Js (QJo ) | Eq: 54.1% |   ---   | ▶ FOLD  |  0.0BB | VPIP: 21.5%
[  866] HJ  | 4d 2h (42o ) | Eq: 31.7% |   ---   | ▶ FOLD  |  0.0BB | VPIP: 21.5%
[  867] BB  | 8h 2h (82s ) | Eq: 36.1% |   ---   | ▶ FOLD  |  0.0BB | VPIP: 21.5%
[  868] SB  | Tc Kc (KTs ) | Eq: 58.6% | PO:33.2% | ▶ RAISE | P/L: -3.0BB | VPIP: 21.5%
[  869] BB  | 7d Ah (A7o ) | Eq: 58.6% |   ---   | ▶ FOLD  |  0.0BB | VPIP: 21.5%
[  870] UTG | 9c 4h (94o ) | Eq: 36.6% |   ---   | ▶ FOLD  |  0.0BB | VPIP: 21.5%
[  871] SB  | Jd 7h (J7o ) | Eq: 46.5% |   ---   | ▶ FOLD  |  0.0BB | VPIP: 21.5%
[  872] BTN | As 6s (A6s ) | Eq: 61.5% | PO:26.7% | ▶ RAISE | P/L: -3.0BB | VPIP: 21.6%
[  873] CO  | 9c Th (T9o ) | Eq: 50.8% |   ---   | ▶ FOLD  |  0.0BB | VPIP: 21.5%
[  874] CO  | 5c 7c (75s ) | Eq: 42.6% |   ---   | ▶ FOLD  |  0.0BB | VPIP: 21.5%
[  875] BB  | 9s 6h (96o ) | Eq: 42.4% |   ---   | ▶ FOLD  |  0.0BB | VPIP: 21.5%
[  876] BTN | 5c Qc (Q5s ) | Eq: 49.5% |   ---   | ▶ FOLD  |  0.0BB | VPIP: 21.5%
[  877] UTG | 8c Jd (J8o ) | Eq: 51.1% |   ---   | ▶ FOLD  |  0.0BB | VPIP: 21.4%
[  878] UTG | Qc 4c (Q4s ) | Eq: 47.0% |   ---   | ▶ FOLD  |  0.0BB | VPIP: 21.4%
[  879] HJ  | Js Kd (KJo ) | Eq: 54.9% |   ---   | ▶ FOLD  |  0.0BB | VPIP: 21.4%
[  880] UTG | Ad 3s (A3o ) | Eq: 52.3% |   ---   | ▶ FOLD  |  0.0BB | VPIP: 21.4%
[  881] HJ  | 4c Th (T4o ) | Eq: 40.0% |   ---   | ▶ FOLD  |  0.0BB | VPIP: 21.3%
[  882] BB  | Ac Ts (ATo ) | Eq: 55.5% | PO:34.4% | ▶ RAISE | P/L: +3.5BB | VPIP: 21.4%
[  883] SB  | Ad 2h (A2o ) | Eq: 54.0% |   ---   | ▶ FOLD  |  0.0BB | VPIP: 21.4%
[  884] SB  | 8d 2c (82o ) | Eq: 35.7% |   ---   | ▶ FOLD  |  0.0BB | VPIP: 21.4%
[  885] CO  | 7d 4c (74o ) | Eq: 36.4% |   ---   | ▶ FOLD  |  0.0BB | VPIP: 21.4%
[  886] BTN | 8d 6d (86s ) | Eq: 48.3% |   ---   | ▶ FOLD  |  0.0BB | VPIP: 21.3%
[  887] HJ  | Td Qd (QTs ) | Eq: 54.8% | PO:21.5% | ▶ CALL  | P/L: -2.0BB | VPIP: 21.4%
[  888] CO  | Js Th (JTo ) | Eq: 51.1% |   ---   | ▶ FOLD  |  0.0BB | VPIP: 21.4%
[  889] HJ  | Ts Js (JTs ) | Eq: 55.1% | PO:31.3% | ▶ RAISE | P/L: +3.5BB | VPIP: 21.5%
[  890] SB  | 6s Ah (A6o ) | Eq: 53.0% |   ---   | ▶ FOLD  |  0.0BB | VPIP: 21.5%
[  891] UTG | Qs 2s (Q2s ) | Eq: 47.7% |   ---   | ▶ FOLD  |  0.0BB | VPIP: 21.4%
[  892] UTG | Jc 8h (J8o ) | Eq: 45.0% |   ---   | ▶ FOLD  |  0.0BB | VPIP: 21.4%
[  893] HJ  | 3d Qd (Q3s ) | Eq: 44.7% |   ---   | ▶ FOLD  |  0.0BB | VPIP: 21.4%
[  894] HJ  | Tc 6c (T6s ) | Eq: 50.3% |   ---   | ▶ FOLD  |  0.0BB | VPIP: 21.4%
[  895] CO  | 5d 8s (85o ) | Eq: 35.9% |   ---   | ▶ FOLD  |  0.0BB | VPIP: 21.3%
[  896] UTG | Qs Js (QJs ) | Eq: 61.4% | PO:29.1% | ▶ RAISE | P/L: -3.0BB | VPIP: 21.4%
[  897] BTN | 9c Ks (K9o ) | Eq: 52.5% |   ---   | ▶ FOLD  |  0.0BB | VPIP: 21.4%
[  898] SB  | Th 4c (T4o ) | Eq: 42.6% |   ---   | ▶ FOLD  |  0.0BB | VPIP: 21.4%
[  899] SB  | 2d Qh (Q2o ) | Eq: 47.1% |   ---   | ▶ FOLD  |  0.0BB | VPIP: 21.4%
[  900] HJ  | Jc 8s (J8o ) | Eq: 51.5% |   ---   | ▶ FOLD  |  0.0BB | VPIP: 21.3%

━━━━━━━━━━━━━━━━━━━━━━━━━━━━━━━━━━━━━━━━━━━━━━━━━━━━━━━━━━━━━━━━━━━━━━━━
📊 REPORT @ 900 MANI
━━━━━━━━━━━━━━━━━━━━━━━━━━━━━━━━━━━━━━━━━━━━━━━━━━━━━━━━━━━━━━━━━━━━━━━━
  Mani giocate:    900
  VPIP medio:      21.3% ✅  (teorico: 21.3%)
  Profit netto:    +83.5 BB
  BB/100 mani:     +9.3
  Azioni:  Raise: 168  |  Call: 24  |  Fold: 708
━━━━━━━━━━━━━━━━━━━━━━━━━━━━━━━━━━━━━━━━━━━━━━━━━━━━━━━━━━━━━━━━━━━━━━━━
[  901] UTG | Kc 4d (K4o ) | Eq: 44.8% |   ---   | ▶ FOLD  |  0.0BB | VPIP: 21.3%
[  902] UTG | 7d 5h (75o ) | Eq: 36.8% |   ---   | ▶ FOLD  |  0.0BB | VPIP: 21.3%
[  903] BTN | Td 2d (T2s ) | Eq: 43.3% |   ---   | ▶ FOLD  |  0.0BB | VPIP: 21.3%
[  904] SB  | Kh 2h (K2s ) | Eq: 46.0% |   ---   | ▶ FOLD  |  0.0BB | VPIP: 21.2%
[  905] HJ  | 3h 4c (43o ) | Eq: 31.3% |   ---   | ▶ FOLD  |  0.0BB | VPIP: 21.2%
[  906] BB  | Ad Ah (AA  ) | Eq: 81.7% | PO:18.6% | ▶ RAISE | P/L: +3.5BB | VPIP: 21.3%
[  907] SB  | Tc Kh (KTo ) | Eq: 53.6% | PO:34.5% | ▶ CALL  | P/L: -2.0BB | VPIP: 21.4%
[  908] BB  | 6s 5c (65o ) | Eq: 41.8% |   ---   | ▶ FOLD  |  0.0BB | VPIP: 21.4%
[  909] HJ  | 5d 9h (95o ) | Eq: 43.4% |   ---   | ▶ FOLD  |  0.0BB | VPIP: 21.3%
[  910] BTN | 5s 6h (65o ) | Eq: 41.2% |   ---   | ▶ FOLD  |  0.0BB | VPIP: 21.3%
[  911] UTG | Qs 6d (Q6o ) | Eq: 47.7% |   ---   | ▶ FOLD  |  0.0BB | VPIP: 21.3%
[  912] UTG | 7d 5s (75o ) | Eq: 35.4% |   ---   | ▶ FOLD  |  0.0BB | VPIP: 21.3%
[  913] SB  | 9d 5c (95o ) | Eq: 38.4% |   ---   | ▶ FOLD  |  0.0BB | VPIP: 21.2%
[  914] UTG | 7c Kh (K7o ) | Eq: 47.7% |   ---   | ▶ FOLD  |  0.0BB | VPIP: 21.2%
[  915] BTN | 4c 3h (43o ) | Eq: 33.2% |   ---   | ▶ FOLD  |  0.0BB | VPIP: 21.2%
[  916] BTN | Js 7d (J7o ) | Eq: 44.1% |   ---   | ▶ FOLD  |  0.0BB | VPIP: 21.2%
[  917] SB  | 3c 8d (83o ) | Eq: 37.6% |   ---   | ▶ FOLD  |  0.0BB | VPIP: 21.2%
[  918] CO  | Kc 7h (K7o ) | Eq: 54.3% |   ---   | ▶ FOLD  |  0.0BB | VPIP: 21.1%
[  919] SB  | 9c 4d (94o ) | Eq: 38.8% |   ---   | ▶ FOLD  |  0.0BB | VPIP: 21.1%
[  920] BB  | 3d 6s (63o ) | Eq: 30.5% |   ---   | ▶ FOLD  |  0.0BB | VPIP: 21.1%
[  921] SB  | 3s 6d (63o ) | Eq: 32.8% |   ---   | ▶ FOLD  |  0.0BB | VPIP: 21.1%
[  922] BB  | Ac 9c (A9s ) | Eq: 57.8% | PO:29.4% | ▶ RAISE | P/L: +3.5BB | VPIP: 21.1%
[  923] BTN | 5d Qd (Q5s ) | Eq: 46.2% |   ---   | ▶ FOLD  |  0.0BB | VPIP: 21.1%
[  924] BB  | Jc Jh (JJ  ) | Eq: 76.8% | PO:32.1% | ▶ RAISE | P/L: +3.5BB | VPIP: 21.2%
[  925] BTN | Js 5s (J5s ) | Eq: 45.1% |   ---   | ▶ FOLD  |  0.0BB | VPIP: 21.2%
[  926] BB  | 9h 2c (92o ) | Eq: 34.7% |   ---   | ▶ FOLD  |  0.0BB | VPIP: 21.2%
[  927] UTG | 6c 3d (63o ) | Eq: 30.4% |   ---   | ▶ FOLD  |  0.0BB | VPIP: 21.1%
[  928] SB  | 9d 3s (93o ) | Eq: 39.4% |   ---   | ▶ FOLD  |  0.0BB | VPIP: 21.1%
[  929] BTN | 8s 9h (98o ) | Eq: 44.7% |   ---   | ▶ FOLD  |  0.0BB | VPIP: 21.1%
[  930] CO  | Ah Qc (AQo ) | Eq: 63.1% | PO:34.6% | ▶ RAISE | P/L: +3.5BB | VPIP: 21.2%
[  931] UTG | Td 4h (T4o ) | Eq: 43.2% |   ---   | ▶ FOLD  |  0.0BB | VPIP: 21.2%
[  932] BTN | 5c Qd (Q5o ) | Eq: 42.7% |   ---   | ▶ FOLD  |  0.0BB | VPIP: 21.1%
[  933] SB  | 9d Kc (K9o ) | Eq: 51.3% |   ---   | ▶ FOLD  |  0.0BB | VPIP: 21.1%
[  934] CO  | 6s 5s (65s ) | Eq: 44.3% | PO:26.5% | ▶ CALL  | P/L: +2.0BB | VPIP: 21.2%
[  935] BB  | 3h 4s (43o ) | Eq: 33.0% |   ---   | ▶ FOLD  |  0.0BB | VPIP: 21.2%
[  936] CO  | Ts 6s (T6s ) | Eq: 43.2% |   ---   | ▶ FOLD  |  0.0BB | VPIP: 21.2%
[  937] HJ  | 3c 5s (53o ) | Eq: 34.7% |   ---   | ▶ FOLD  |  0.0BB | VPIP: 21.1%
[  938] HJ  | Ad Ac (AA  ) | Eq: 86.8% | PO:29.8% | ▶ RAISE | P/L: +3.5BB | VPIP: 21.2%
[  939] UTG | Qh Js (QJo ) | Eq: 55.6% |   ---   | ▶ FOLD  |  0.0BB | VPIP: 21.2%
[  940] HJ  | 9h As (A9o ) | Eq: 55.6% |   ---   | ▶ FOLD  |  0.0BB | VPIP: 21.2%
[  941] SB  | 9h 7c (97o ) | Eq: 47.4% |   ---   | ▶ FOLD  |  0.0BB | VPIP: 21.1%
[  942] UTG | Tc Jd (JTo ) | Eq: 56.1% |   ---   | ▶ FOLD  |  0.0BB | VPIP: 21.1%
[  943] UTG | Qs 6h (Q6o ) | Eq: 47.8% |   ---   | ▶ FOLD  |  0.0BB | VPIP: 21.1%
[  944] BTN | Js Ks (KJs ) | Eq: 62.0% | PO:21.7% | ▶ RAISE | P/L: +3.5BB | VPIP: 21.2%
[  945] SB  | 3c Ad (A3o ) | Eq: 51.9% |   ---   | ▶ FOLD  |  0.0BB | VPIP: 21.2%
[  946] CO  | 2c 2s (22  ) | Eq: 52.8% |   ---   | ▶ FOLD  |  0.0BB | VPIP: 21.1%
[  947] SB  | Jh Qh (QJs ) | Eq: 57.1% | PO:26.7% | ▶ RAISE | P/L: -3.0BB | VPIP: 21.2%
[  948] BB  | 3h 3s (33  ) | Eq: 54.2% | PO:28.1% | ▶ CALL  | P/L: +2.0BB | VPIP: 21.3%
[  949] CO  | Kc 4c (K4s ) | Eq: 54.1% |   ---   | ▶ FOLD  |  0.0BB | VPIP: 21.3%
[  950] BTN | 5c Qc (Q5s ) | Eq: 49.7% |   ---   | ▶ FOLD  |  0.0BB | VPIP: 21.3%
[  951] BTN | 6h 7d (76o ) | Eq: 42.7% |   ---   | ▶ FOLD  |  0.0BB | VPIP: 21.2%
[  952] UTG | 5s 9s (95s ) | Eq: 45.6% |   ---   | ▶ FOLD  |  0.0BB | VPIP: 21.2%
[  953] HJ  | Js 3s (J3s ) | Eq: 43.5% |   ---   | ▶ FOLD  |  0.0BB | VPIP: 21.2%
[  954] CO  | 9d 3c (93o ) | Eq: 37.7% |   ---   | ▶ FOLD  |  0.0BB | VPIP: 21.2%
[  955] UTG | 3d As (A3o ) | Eq: 55.4% |   ---   | ▶ FOLD  |  0.0BB | VPIP: 21.2%
[  956] CO  | Ac As (AA  ) | Eq: 82.3% | PO:32.4% | ▶ RAISE | P/L: +3.5BB | VPIP: 21.2%
[  957] CO  | 4d 8d (84s ) | Eq: 37.8% |   ---   | ▶ FOLD  |  0.0BB | VPIP: 21.2%
[  958] UTG | 5d Js (J5o ) | Eq: 46.6% |   ---   | ▶ FOLD  |  0.0BB | VPIP: 21.2%
[  959] CO  | 7h 4c (74o ) | Eq: 37.8% |   ---   | ▶ FOLD  |  0.0BB | VPIP: 21.2%
[  960] BB  | 4h Th (T4s ) | Eq: 42.9% |   ---   | ▶ FOLD  |  0.0BB | VPIP: 21.1%
[  961] CO  | 7d 8d (87s ) | Eq: 50.9% | PO:30.0% | ▶ RAISE | P/L: +3.5BB | VPIP: 21.2%
[  962] HJ  | 2h 9h (92s ) | Eq: 38.2% |   ---   | ▶ FOLD  |  0.0BB | VPIP: 21.2%
[  963] HJ  | 3c 5d (53o ) | Eq: 35.9% |   ---   | ▶ FOLD  |  0.0BB | VPIP: 21.2%
[  964] CO  | Jd 4c (J4o ) | Eq: 42.6% |   ---   | ▶ FOLD  |  0.0BB | VPIP: 21.2%
[  965] SB  | Ts Ac (ATo ) | Eq: 57.6% | PO:24.9% | ▶ RAISE | P/L: -3.0BB | VPIP: 21.2%
[  966] HJ  | 9h Qc (Q9o ) | Eq: 48.5% |   ---   | ▶ FOLD  |  0.0BB | VPIP: 21.2%
[  967] SB  | 3s Ah (A3o ) | Eq: 51.1% |   ---   | ▶ FOLD  |  0.0BB | VPIP: 21.2%
[  968] BB  | 3d 6c (63o ) | Eq: 37.1% |   ---   | ▶ FOLD  |  0.0BB | VPIP: 21.2%
[  969] SB  | 7c 8c (87s ) | Eq: 46.0% | PO:33.6% | ▶ CALL  | P/L: -2.0BB | VPIP: 21.3%
[  970] UTG | Ks 6s (K6s ) | Eq: 55.3% |   ---   | ▶ FOLD  |  0.0BB | VPIP: 21.2%
[  971] CO  | Kd 7h (K7o ) | Eq: 50.0% |   ---   | ▶ FOLD  |  0.0BB | VPIP: 21.2%
[  972] SB  | 5d 9s (95o ) | Eq: 40.7% |   ---   | ▶ FOLD  |  0.0BB | VPIP: 21.2%
[  973] BTN | 9s 6h (96o ) | Eq: 45.5% |   ---   | ▶ FOLD  |  0.0BB | VPIP: 21.2%
[  974] UTG | Qh 7d (Q7o ) | Eq: 45.2% |   ---   | ▶ FOLD  |  0.0BB | VPIP: 21.1%
[  975] CO  | Kd 3h (K3o ) | Eq: 45.0% |   ---   | ▶ FOLD  |  0.0BB | VPIP: 21.1%
[  976] UTG | 2h Kd (K2o ) | Eq: 46.0% |   ---   | ▶ FOLD  |  0.0BB | VPIP: 21.1%
[  977] SB  | 8d Kd (K8s ) | Eq: 54.8% | PO:26.1% | ▶ CALL  | P/L: -2.0BB | VPIP: 21.2%
[  978] HJ  | Ts 3d (T3o ) | Eq: 40.7% |   ---   | ▶ FOLD  |  0.0BB | VPIP: 21.2%
[  979] BTN | 6c Qc (Q6s ) | Eq: 46.7% | PO:33.1% | ▶ CALL  | P/L: +2.0BB | VPIP: 21.2%
[  980] BB  | 9s Qs (Q9s ) | Eq: 52.9% | PO:24.2% | ▶ CALL  | P/L: +2.0BB | VPIP: 21.3%
[  981] HJ  | 8s 4c (84o ) | Eq: 38.4% |   ---   | ▶ FOLD  |  0.0BB | VPIP: 21.3%
[  982] BTN | As 3s (A3s ) | Eq: 57.0% | PO:20.6% | ▶ RAISE | P/L: +3.5BB | VPIP: 21.4%
[  983] SB  | Qc 4d (Q4o ) | Eq: 49.1% |   ---   | ▶ FOLD  |  0.0BB | VPIP: 21.4%
[  984] CO  | Tc Kd (KTo ) | Eq: 54.0% | PO:27.3% | ▶ RAISE | P/L: +3.5BB | VPIP: 21.4%
[  985] HJ  | 7s 2s (72s ) | Eq: 41.4% |   ---   | ▶ FOLD  |  0.0BB | VPIP: 21.4%
[  986] BB  | 5d 5s (55  ) | Eq: 59.2% | PO:30.1% | ▶ RAISE | P/L: -3.0BB | VPIP: 21.5%
[  987] BB  | Ah 8c (A8o ) | Eq: 58.6% |   ---   | ▶ FOLD  |  0.0BB | VPIP: 21.5%
[  988] UTG | 4h Ac (A4o ) | Eq: 56.0% |   ---   | ▶ FOLD  |  0.0BB | VPIP: 21.5%
[  989] SB  | Ad 4c (A4o ) | Eq: 54.8% |   ---   | ▶ FOLD  |  0.0BB | VPIP: 21.4%
[  990] BTN | 5d 6c (65o ) | Eq: 36.5% |   ---   | ▶ FOLD  |  0.0BB | VPIP: 21.4%
[  991] UTG | As 8s (A8s ) | Eq: 57.6% | PO:34.5% | ▶ RAISE | P/L: +3.5BB | VPIP: 21.5%
[  992] UTG | 3h 5d (53o ) | Eq: 34.8% |   ---   | ▶ FOLD  |  0.0BB | VPIP: 21.5%
[  993] HJ  | Ah 5h (A5s ) | Eq: 58.4% | PO:33.9% | ▶ RAISE | P/L: -3.0BB | VPIP: 21.6%
[  994] SB  | Th Kc (KTo ) | Eq: 53.6% | PO:19.0% | ▶ CALL  | P/L: +2.0BB | VPIP: 21.6%
[  995] SB  | 8d Jh (J8o ) | Eq: 48.3% |   ---   | ▶ FOLD  |  0.0BB | VPIP: 21.6%
[  996] UTG | 3c 5c (53s ) | Eq: 32.7% |   ---   | ▶ FOLD  |  0.0BB | VPIP: 21.6%
[  997] BTN | Qd 2s (Q2o ) | Eq: 39.7% |   ---   | ▶ FOLD  |  0.0BB | VPIP: 21.6%
[  998] BTN | Td 9h (T9o ) | Eq: 53.6% | PO:25.3% | ▶ RAISE | P/L: +3.5BB | VPIP: 21.6%
[  999] BTN | Kd Ks (KK  ) | Eq: 80.5% | PO:25.7% | ▶ RAISE | P/L: +3.5BB | VPIP: 21.7%
[ 1000] BB  | 2d Tc (T2o ) | Eq: 38.1% |   ---   | ▶ FOLD  |  0.0BB | VPIP: 21.7%

🛑 Shutdown ricevuto – chiusura pulita...

━━━━━━━━━━━━━━━━━━━━━━━━━━━━━━━━━━━━━━━━━━━━━━━━━━━━━━━━━━━━━━━━━━━━━━━━
📊 REPORT FINALE
━━━━━━━━━━━━━━━━━━━━━━━━━━━━━━━━━━━━━━━━━━━━━━━━━━━━━━━━━━━━━━━━━━━━━━━━
  Mani giocate:    1000
  VPIP medio:      21.7% ✅  (teorico: 21.3%)
  Profit netto:    +121.0 BB
  BB/100 mani:     +12.1
  Azioni:  Raise: 185  |  Call: 32  |  Fold: 783
━━━━━━━━━━━━━━━━━━━━━━━━━━━━━━━━━━━━━━━━━━━━━━━━━━━━━━━━━━━━━━━━━━━━━━━━
